INFO  Using log config file: jar:file:/Users/joshuahansen/ghidra_12.1.2_PUBLIC/Ghidra/Framework/Generic/lib/Generic.jar!/generic.log4j.xml (LoggingInitialization)  
INFO  Using log file: /Users/joshuahansen/dev/GhiGBC/.local/clean-launch12/Library/ghidra/ghidra_12.1.2_PUBLIC/application.log (LoggingInitialization)  
INFO  Loading user preferences: /Users/joshuahansen/dev/GhiGBC/.local/clean-launch12/Library/ghidra/ghidra_12.1.2_PUBLIC/preferences (Preferences)  
INFO  Searching for classes... (ClassSearcher)  
INFO  Class search complete (2237 ms) (ClassSearcher)  
INFO  Initializing SSL Context (DefaultSSLContextInitializer)  
INFO  Initializing Random Number Generator... (SecureRandomFactory)  
INFO  Random Number Generator initialization complete: NativePRNGNonBlocking (SecureRandomFactory)  
INFO  Trust manager disabled, cacerts have not been set (DefaultTrustManagerFactory)  
INFO  Creating project: /Users/joshuahansen/dev/GhiGBC/build/projects/HPUI-1788593413332 (DefaultProject)  
INFO  Using Loader: GZF Input Format (ProgramLoader)  
INFO  Using Language/Compiler: null (ProgramLoader)  
INFO  Using Library Search Path: [., /System/Library/dyld/dyld_shared_cache_arm64e, /System/Library/dyld/dyld_shared_cache_x86_64, /System/Library/dyld/dyld_shared_cache_x86_64h, /System/Cryptexes/OS/System/Library/dyld/dyld_shared_cache_arm64e, /System/Cryptexes/OS/System/Library/dyld/dyld_shared_cache_x86_64, /System/Cryptexes/OS/System/Library/dyld/dyld_shared_cache_x86_64h, /Users/joshuahansen/dev/GhiGBC/.local/ui-action-app/GhiGBCValidation.app/Contents/app, /Users/joshuahansen/Library/Java/Extensions, /Library/Java/Extensions, /Network/Library/Java/Extensions, /System/Library/Java/Extensions, /usr/lib/java] (ProgramLoader)  
INFO  /student-copy: file created (joshuahansen) (LocalFileSystem)  
WARN  Plugin DebuggerModulesPlugin did not register a service handler for: interface ghidra.app.services.DebuggerAutoMappingService (DebuggerModulesPlugin)  
INFO  /New Traces/GBC/student12: file created (joshuahansen) (LocalFileSystem)  
PASS initial exact-profile mappings ready
PASS real pre-attack checkpoint restored with complete mappings
PHASE hp_button: Open Window > GBC Study > Units. Select APC slot 50 (HP10), then click Watch selected HP.
ERROR Timed-out waiting to run a Swing task--potential deadlock!
Threads State:
java.lang.Throwable (Swing)  
ERROR Unexpected error processing job: GTreeRestoreTreeStateTask (AbstractWorker) java.lang.RuntimeException: Timed-out waiting to run a Swing task--potential deadlock!
	at ghidra.util.Swing.runNow(Swing.java:177)
	at docking.widgets.tree.GTreeTask.runOnSwingThread(GTreeTask.java:45)
	at docking.widgets.tree.tasks.GTreeExpandPathsTask.expandPath(GTreeExpandPathsTask.java:80)
	at docking.widgets.tree.tasks.GTreeExpandPathsTask.run(GTreeExpandPathsTask.java:40)
	at docking.widgets.tree.GTreeRestoreTreeStateTask.expandPathsInThisTask(GTreeRestoreTreeStateTask.java:105)
	at docking.widgets.tree.GTreeRestoreTreeStateTask.run(GTreeRestoreTreeStateTask.java:54)
	at ghidra.util.worker.AbstractWorker$JobCallback.process(AbstractWorker.java:134)
	at ghidra.util.worker.AbstractWorker$JobCallback.process(AbstractWorker.java:124)
	at generic.concurrent.ConcurrentQ$CallbackCallable.call(ConcurrentQ.java:706)
	at java.base/java.util.concurrent.FutureTask.run(FutureTask.java:317)
	at generic.concurrent.FutureTaskMonitor.run(FutureTaskMonitor.java:75)
	at java.base/java.util.concurrent.ThreadPoolExecutor.runWorker(ThreadPoolExecutor.java:1144)
	at java.base/java.util.concurrent.ThreadPoolExecutor$Worker.run(ThreadPoolExecutor.java:642)
	at java.base/java.lang.Thread.run(Thread.java:1583)
Caused by: ghidra.util.exception.UnableToSwingException: Timed-out waiting for Swing thread lock in 20 SECONDS
	at ghidra.util.Swing.waitFor(Swing.java:256)
	at ghidra.util.Swing.runNow(Swing.java:235)
	at ghidra.util.Swing.runNow(Swing.java:163)
	... 13 more
 
ERROR Timed-out waiting to run a Swing task--potential deadlock!
Threads State:
java.lang.Throwable (Swing)  
ERROR Unexpected error processing job: GTreeSelectPathsTask (AbstractWorker) java.lang.RuntimeException: Timed-out waiting to run a Swing task--potential deadlock!
	at ghidra.util.Swing.runNow(Swing.java:177)
	at ghidra.util.Swing.runNow(Swing.java:148)
	at docking.widgets.tree.GTreeTask.translatePath(GTreeTask.java:64)
	at docking.widgets.tree.tasks.GTreeSelectPathsTask.run(GTreeSelectPathsTask.java:64)
	at ghidra.util.worker.AbstractWorker$JobCallback.process(AbstractWorker.java:134)
	at ghidra.util.worker.AbstractWorker$JobCallback.process(AbstractWorker.java:124)
	at generic.concurrent.ConcurrentQ$CallbackCallable.call(ConcurrentQ.java:706)
	at java.base/java.util.concurrent.FutureTask.run(FutureTask.java:317)
	at generic.concurrent.FutureTaskMonitor.run(FutureTaskMonitor.java:75)
	at java.base/java.util.concurrent.ThreadPoolExecutor.runWorker(ThreadPoolExecutor.java:1144)
	at java.base/java.util.concurrent.ThreadPoolExecutor$Worker.run(ThreadPoolExecutor.java:642)
	at java.base/java.lang.Thread.run(Thread.java:1583)
Caused by: ghidra.util.exception.UnableToSwingException: Timed-out waiting for Swing thread lock in 20 SECONDS
	at ghidra.util.Swing.waitFor(Swing.java:256)
	at ghidra.util.Swing.runNow(Swing.java:235)
	at ghidra.util.Swing.runNow(Swing.java:163)
	... 11 more
 
ERROR Timed-out waiting to run a Swing task--potential deadlock!
Threads State:
java.lang.Throwable (Swing)  
ERROR Unexpected error processing job: GTreeRestoreTreeStateTask (AbstractWorker) java.lang.RuntimeException: Timed-out waiting to run a Swing task--potential deadlock!
	at ghidra.util.Swing.runNow(Swing.java:177)
	at docking.widgets.tree.GTreeTask.runOnSwingThread(GTreeTask.java:45)
	at docking.widgets.tree.tasks.GTreeExpandPathsTask.expandPath(GTreeExpandPathsTask.java:80)
	at docking.widgets.tree.tasks.GTreeExpandPathsTask.run(GTreeExpandPathsTask.java:40)
	at docking.widgets.tree.GTreeRestoreTreeStateTask.expandPathsInThisTask(GTreeRestoreTreeStateTask.java:105)
	at docking.widgets.tree.GTreeRestoreTreeStateTask.run(GTreeRestoreTreeStateTask.java:54)
	at ghidra.util.worker.AbstractWorker$JobCallback.process(AbstractWorker.java:134)
	at ghidra.util.worker.AbstractWorker$JobCallback.process(AbstractWorker.java:124)
	at generic.concurrent.ConcurrentQ$CallbackCallable.call(ConcurrentQ.java:706)
	at java.base/java.util.concurrent.FutureTask.run(FutureTask.java:317)
	at generic.concurrent.FutureTaskMonitor.run(FutureTaskMonitor.java:75)
	at java.base/java.util.concurrent.ThreadPoolExecutor.runWorker(ThreadPoolExecutor.java:1144)
	at java.base/java.util.concurrent.ThreadPoolExecutor$Worker.run(ThreadPoolExecutor.java:642)
	at java.base/java.lang.Thread.run(Thread.java:1583)
Caused by: ghidra.util.exception.UnableToSwingException: Timed-out waiting for Swing thread lock in 20 SECONDS
	at ghidra.util.Swing.waitFor(Swing.java:256)
	at ghidra.util.Swing.runNow(Swing.java:235)
	at ghidra.util.Swing.runNow(Swing.java:163)
	... 13 more
 
ERROR Timed-out waiting to run a Swing task--potential deadlock!
Threads State:
java.lang.Throwable (Swing)  
ERROR Unexpected error processing job: GTreeSelectPathsTask (AbstractWorker) java.lang.RuntimeException: Timed-out waiting to run a Swing task--potential deadlock!
	at ghidra.util.Swing.runNow(Swing.java:177)
	at ghidra.util.Swing.runNow(Swing.java:148)
	at docking.widgets.tree.GTreeTask.translatePath(GTreeTask.java:64)
	at docking.widgets.tree.tasks.GTreeSelectPathsTask.run(GTreeSelectPathsTask.java:64)
	at ghidra.util.worker.AbstractWorker$JobCallback.process(AbstractWorker.java:134)
	at ghidra.util.worker.AbstractWorker$JobCallback.process(AbstractWorker.java:124)
	at generic.concurrent.ConcurrentQ$CallbackCallable.call(ConcurrentQ.java:706)
	at java.base/java.util.concurrent.FutureTask.run(FutureTask.java:317)
	at generic.concurrent.FutureTaskMonitor.run(FutureTaskMonitor.java:75)
	at java.base/java.util.concurrent.ThreadPoolExecutor.runWorker(ThreadPoolExecutor.java:1144)
	at java.base/java.util.concurrent.ThreadPoolExecutor$Worker.run(ThreadPoolExecutor.java:642)
	at java.base/java.lang.Thread.run(Thread.java:1583)
Caused by: ghidra.util.exception.UnableToSwingException: Timed-out waiting for Swing thread lock in 20 SECONDS
	at ghidra.util.Swing.waitFor(Swing.java:256)
	at ghidra.util.Swing.runNow(Swing.java:235)
	at ghidra.util.Swing.runNow(Swing.java:163)
	... 11 more
 
ERROR Timed-out waiting to run a Swing task--potential deadlock!
Threads State:
java.lang.Throwable (Swing)  
ERROR Unexpected error processing job: GTreeSelectPathsTask (AbstractWorker) java.lang.RuntimeException: Timed-out waiting to run a Swing task--potential deadlock!
	at ghidra.util.Swing.runNow(Swing.java:177)
	at ghidra.util.Swing.runNow(Swing.java:148)
	at docking.widgets.tree.GTreeTask.translatePath(GTreeTask.java:64)
	at docking.widgets.tree.tasks.GTreeSelectPathsTask.run(GTreeSelectPathsTask.java:64)
	at ghidra.util.worker.AbstractWorker$JobCallback.process(AbstractWorker.java:134)
	at ghidra.util.worker.AbstractWorker$JobCallback.process(AbstractWorker.java:124)
	at generic.concurrent.ConcurrentQ$CallbackCallable.call(ConcurrentQ.java:706)
	at java.base/java.util.concurrent.FutureTask.run(FutureTask.java:317)
	at generic.concurrent.FutureTaskMonitor.run(FutureTaskMonitor.java:75)
	at java.base/java.util.concurrent.ThreadPoolExecutor.runWorker(ThreadPoolExecutor.java:1144)
	at java.base/java.util.concurrent.ThreadPoolExecutor$Worker.run(ThreadPoolExecutor.java:642)
	at java.base/java.lang.Thread.run(Thread.java:1583)
Caused by: ghidra.util.exception.UnableToSwingException: Timed-out waiting for Swing thread lock in 20 SECONDS
	at ghidra.util.Swing.waitFor(Swing.java:256)
	at ghidra.util.Swing.runNow(Swing.java:235)
	at ghidra.util.Swing.runNow(Swing.java:163)
	... 11 more
 
PASS actual HP button creates physical WRAM3 offset0324 write watch for APC slot50
ERROR Exception caused by back end (TraceRmiHandler$$Lambda/0x0000007801c4cc30) java.io.IOException: Unable to lock due to active transaction
	at ghidra.framework.data.DomainObjectAdapterDB.save(DomainObjectAdapterDB.java:531)
	at ghidra.app.plugin.core.debug.service.tracermi.TraceRmiHandler.handleSaveTrace(TraceRmiHandler.java:1150)
	at ghidra.app.plugin.core.debug.service.tracermi.TraceRmiHandler.lambda$new$2(TraceRmiHandler.java:622)
	at ghidra.app.plugin.core.debug.service.tracermi.TraceRmiHandler$Dispatcher.handle(TraceRmiHandler.java:544)
	at ghidra.app.plugin.core.debug.service.tracermi.TraceRmiHandler.receiveLoop(TraceRmiHandler.java:487)
	at java.base/java.lang.Thread.run(Thread.java:1583)
 
HP_UI_PASSED
PHASE passed: HP_UI_PASSED
ERROR Timed-out waiting to run a Swing task--potential deadlock!
Threads State:
java.lang.Throwable (Swing)  
ERROR Unexpected error processing job: GTreeRestoreTreeStateTask (AbstractWorker) java.lang.RuntimeException: Timed-out waiting to run a Swing task--potential deadlock!
	at ghidra.util.Swing.runNow(Swing.java:177)
	at ghidra.util.Swing.runNow(Swing.java:148)
	at docking.widgets.tree.GTreeTask.translatePath(GTreeTask.java:64)
	at docking.widgets.tree.GTreeRestoreTreeStateTask.restoreViewToFirstPathIn(GTreeRestoreTreeStateTask.java:93)
	at docking.widgets.tree.GTreeRestoreTreeStateTask.selectPathsInThisTask(GTreeRestoreTreeStateTask.java:70)
	at docking.widgets.tree.GTreeRestoreTreeStateTask.run(GTreeRestoreTreeStateTask.java:57)
	at ghidra.util.worker.AbstractWorker$JobCallback.process(AbstractWorker.java:134)
	at ghidra.util.worker.AbstractWorker$JobCallback.process(AbstractWorker.java:124)
	at generic.concurrent.ConcurrentQ$CallbackCallable.call(ConcurrentQ.java:706)
	at java.base/java.util.concurrent.FutureTask.run(FutureTask.java:317)
	at generic.concurrent.FutureTaskMonitor.run(FutureTaskMonitor.java:75)
	at java.base/java.util.concurrent.ThreadPoolExecutor.runWorker(ThreadPoolExecutor.java:1144)
	at java.base/java.util.concurrent.ThreadPoolExecutor$Worker.run(ThreadPoolExecutor.java:642)
	at java.base/java.lang.Thread.run(Thread.java:1583)
Caused by: ghidra.util.exception.UnableToSwingException: Timed-out waiting for Swing thread lock in 20 SECONDS
	at ghidra.util.Swing.waitFor(Swing.java:256)
	at ghidra.util.Swing.runNow(Swing.java:235)
	at ghidra.util.Swing.runNow(Swing.java:163)
	... 13 more
 
ERROR Timed-out waiting to run a Swing task--potential deadlock!
Threads State:
java.lang.Throwable (Swing)  
ERROR Timed-out waiting to run a Swing task--potential deadlock!
Threads State:
java.lang.Throwable (Swing)  
ERROR Unexpected Exception: Timed-out waiting to run a Swing task--potential deadlock! (LoadJob) java.lang.RuntimeException: Timed-out waiting to run a Swing task--potential deadlock!
	at ghidra.util.Swing.runNow(Swing.java:177)
	at docking.widgets.table.threaded.TableUpdateJob.applyData(TableUpdateJob.java:682)
	at docking.widgets.table.threaded.TableUpdateJob.processState(TableUpdateJob.java:346)
	at docking.widgets.table.threaded.TableUpdateJob.run(TableUpdateJob.java:129)
	at docking.widgets.table.threaded.ThreadedTableModelUpdateMgr$ThreadRunnable.run(ThreadedTableModelUpdateMgr.java:415)
	at java.base/java.lang.Thread.run(Thread.java:1583)
Caused by: ghidra.util.exception.UnableToSwingException: Timed-out waiting for Swing thread lock in 20 SECONDS
	at ghidra.util.Swing.waitFor(Swing.java:256)
	at ghidra.util.Swing.runNow(Swing.java:235)
	at ghidra.util.Swing.runNow(Swing.java:163)
	... 5 more
 
ERROR Unexpected Exception: Timed-out waiting to run a Swing task--potential deadlock! (LoadJob) java.lang.RuntimeException: Timed-out waiting to run a Swing task--potential deadlock!
	at ghidra.util.Swing.runNow(Swing.java:177)
	at docking.widgets.table.threaded.TableUpdateJob.applyData(TableUpdateJob.java:682)
	at docking.widgets.table.threaded.TableUpdateJob.processState(TableUpdateJob.java:346)
	at docking.widgets.table.threaded.TableUpdateJob.run(TableUpdateJob.java:129)
	at docking.widgets.table.threaded.ThreadedTableModelUpdateMgr$ThreadRunnable.run(ThreadedTableModelUpdateMgr.java:415)
	at java.base/java.lang.Thread.run(Thread.java:1583)
Caused by: ghidra.util.exception.UnableToSwingException: Timed-out waiting for Swing thread lock in 20 SECONDS
	at ghidra.util.Swing.waitFor(Swing.java:256)
	at ghidra.util.Swing.runNow(Swing.java:235)
	at ghidra.util.Swing.runNow(Swing.java:163)
	... 5 more
 
ERROR Timed-out waiting to run a Swing task--potential deadlock!
Threads State:
java.lang.Throwable (Swing)  
ERROR Unexpected Exception: Timed-out waiting to run a Swing task--potential deadlock! (LoadJob) java.lang.RuntimeException: Timed-out waiting to run a Swing task--potential deadlock!
	at ghidra.util.Swing.runNow(Swing.java:177)
	at docking.widgets.table.threaded.TableUpdateJob.applyData(TableUpdateJob.java:682)
	at docking.widgets.table.threaded.TableUpdateJob.processState(TableUpdateJob.java:346)
	at docking.widgets.table.threaded.TableUpdateJob.run(TableUpdateJob.java:129)
	at docking.widgets.table.threaded.ThreadedTableModelUpdateMgr$ThreadRunnable.run(ThreadedTableModelUpdateMgr.java:415)
	at java.base/java.lang.Thread.run(Thread.java:1583)
Caused by: ghidra.util.exception.UnableToSwingException: Timed-out waiting for Swing thread lock in 20 SECONDS
	at ghidra.util.Swing.waitFor(Swing.java:256)
	at ghidra.util.Swing.runNow(Swing.java:235)
	at ghidra.util.Swing.runNow(Swing.java:163)
	... 5 more
 
ERROR Timed-out waiting to run a Swing task--potential deadlock!
Threads State:
java.lang.Throwable (Swing)  
ERROR Timed-out waiting to run a Swing task--potential deadlock!
Threads State:
java.lang.Throwable (Swing)  
ERROR Timed-out waiting to run a Swing task--potential deadlock!
Threads State:
java.lang.Throwable (Swing)  
ERROR Unexpected Exception: Timed-out waiting to run a Swing task--potential deadlock! (LoadJob) java.lang.RuntimeException: Timed-out waiting to run a Swing task--potential deadlock!
	at ghidra.util.Swing.runNow(Swing.java:177)
	at docking.widgets.table.threaded.TableUpdateJob.applyData(TableUpdateJob.java:682)
	at docking.widgets.table.threaded.TableUpdateJob.processState(TableUpdateJob.java:346)
	at docking.widgets.table.threaded.TableUpdateJob.run(TableUpdateJob.java:129)
	at docking.widgets.table.threaded.ThreadedTableModelUpdateMgr$ThreadRunnable.run(ThreadedTableModelUpdateMgr.java:415)
	at java.base/java.lang.Thread.run(Thread.java:1583)
Caused by: ghidra.util.exception.UnableToSwingException: Timed-out waiting for Swing thread lock in 20 SECONDS
	at ghidra.util.Swing.waitFor(Swing.java:256)
	at ghidra.util.Swing.runNow(Swing.java:235)
	at ghidra.util.Swing.runNow(Swing.java:163)
	... 5 more
 
ERROR Timed-out waiting to run a Swing task--potential deadlock!
Threads State:
java.lang.Throwable (Swing)  
ERROR Timed-out waiting to run a Swing task--potential deadlock!
Threads State:
java.lang.Throwable (Swing)  
ERROR Unexpected Exception: Timed-out waiting to run a Swing task--potential deadlock! (LoadJob) java.lang.RuntimeException: Timed-out waiting to run a Swing task--potential deadlock!
	at ghidra.util.Swing.runNow(Swing.java:177)
	at docking.widgets.table.threaded.TableUpdateJob.applyData(TableUpdateJob.java:682)
	at docking.widgets.table.threaded.TableUpdateJob.processState(TableUpdateJob.java:346)
	at docking.widgets.table.threaded.TableUpdateJob.run(TableUpdateJob.java:129)
	at docking.widgets.table.threaded.ThreadedTableModelUpdateMgr$ThreadRunnable.run(ThreadedTableModelUpdateMgr.java:415)
	at java.base/java.lang.Thread.run(Thread.java:1583)
Caused by: ghidra.util.exception.UnableToSwingException: Timed-out waiting for Swing thread lock in 20 SECONDS
	at ghidra.util.Swing.waitFor(Swing.java:256)
	at ghidra.util.Swing.runNow(Swing.java:235)
	at ghidra.util.Swing.runNow(Swing.java:163)
	... 5 more
 
ERROR Unexpected Exception: Timed-out waiting to run a Swing task--potential deadlock! (LoadJob) java.lang.RuntimeException: Timed-out waiting to run a Swing task--potential deadlock!
	at ghidra.util.Swing.runNow(Swing.java:177)
	at docking.widgets.table.threaded.TableUpdateJob.applyData(TableUpdateJob.java:682)
	at docking.widgets.table.threaded.TableUpdateJob.processState(TableUpdateJob.java:346)
	at docking.widgets.table.threaded.TableUpdateJob.run(TableUpdateJob.java:129)
	at docking.widgets.table.threaded.ThreadedTableModelUpdateMgr$ThreadRunnable.run(ThreadedTableModelUpdateMgr.java:415)
	at java.base/java.lang.Thread.run(Thread.java:1583)
Caused by: ghidra.util.exception.UnableToSwingException: Timed-out waiting for Swing thread lock in 20 SECONDS
	at ghidra.util.Swing.waitFor(Swing.java:256)
	at ghidra.util.Swing.runNow(Swing.java:235)
	at ghidra.util.Swing.runNow(Swing.java:163)
	... 5 more
 
ERROR Unexpected Exception: Timed-out waiting to run a Swing task--potential deadlock! (LoadJob) java.lang.RuntimeException: Timed-out waiting to run a Swing task--potential deadlock!
	at ghidra.util.Swing.runNow(Swing.java:177)
	at docking.widgets.table.threaded.TableUpdateJob.applyData(TableUpdateJob.java:682)
	at docking.widgets.table.threaded.TableUpdateJob.processState(TableUpdateJob.java:346)
	at docking.widgets.table.threaded.TableUpdateJob.run(TableUpdateJob.java:129)
	at docking.widgets.table.threaded.ThreadedTableModelUpdateMgr$ThreadRunnable.run(ThreadedTableModelUpdateMgr.java:415)
	at java.base/java.lang.Thread.run(Thread.java:1583)
Caused by: ghidra.util.exception.UnableToSwingException: Timed-out waiting for Swing thread lock in 20 SECONDS
	at ghidra.util.Swing.waitFor(Swing.java:256)
	at ghidra.util.Swing.runNow(Swing.java:235)
	at ghidra.util.Swing.runNow(Swing.java:163)
	... 5 more
 
ERROR Timed-out waiting to run a Swing task--potential deadlock!
Threads State:
java.lang.Throwable (Swing)  
java.lang.RuntimeException: Timed-out waiting to run a Swing task--potential deadlock!
	at ghidra.util.Swing.runNow(Swing.java:177)
	at HpWatchUiTest.run(HpWatchUiTest.java:79)
	at HpWatchUiTest.main(HpWatchUiTest.java:31)
Caused by: ghidra.util.exception.UnableToSwingException: Timed-out waiting for Swing thread lock in 20 SECONDS
	at ghidra.util.Swing.waitFor(Swing.java:256)
	at ghidra.util.Swing.runNow(Swing.java:235)
	at ghidra.util.Swing.runNow(Swing.java:163)
	... 2 more
