Picked up JAVA_TOOL_OPTIONS: -Duser.home=/Users/joshuahansen/dev/GhiGBC/.local/user12
Picked up JAVA_TOOL_OPTIONS: -Duser.home=/Users/joshuahansen/dev/GhiGBC/.local/user12
Picked up JAVA_TOOL_OPTIONS: -Duser.home=/Users/joshuahansen/dev/GhiGBC/.local/user12
Picked up JAVA_TOOL_OPTIONS: -Duser.home=/Users/joshuahansen/dev/GhiGBC/.local/user12
openjdk version "21.0.12.1" 2026-08-18
OpenJDK Runtime Environment Homebrew (build 21.0.12.1)
OpenJDK 64-Bit Server VM Homebrew (build 21.0.12.1, mixed mode)
INFO  Using log config file: jar:file:/Users/joshuahansen/ghidra_12.1.2_PUBLIC/Ghidra/Framework/Generic/lib/Generic.jar!/generic.log4j.xml (LoggingInitialization)  
INFO  Using log file: /Users/joshuahansen/dev/GhiGBC/.local/user12/Library/ghidra/ghidra_12.1.2_PUBLIC/application.log (LoggingInitialization)  
INFO  Loading user preferences: /Users/joshuahansen/dev/GhiGBC/.local/user12/Library/ghidra/ghidra_12.1.2_PUBLIC/preferences (Preferences)  
INFO  Searching for classes... (ClassSearcher)  
INFO  Class search complete (778 ms) (ClassSearcher)  
INFO  Initializing SSL Context (DefaultSSLContextInitializer)  
INFO  Initializing Random Number Generator... (SecureRandomFactory)  
INFO  Random Number Generator initialization complete: NativePRNGNonBlocking (SecureRandomFactory)  
INFO  Trust manager disabled, cacerts have not been set (DefaultTrustManagerFactory)  
INFO  Headless startup complete (1593 ms) (AnalyzeHeadless)  
INFO  Class searcher loaded 59 extension points (20 false positives) (ClassSearcher)  
INFO  HEADLESS Script Paths:
    /Users/joshuahansen/ghidra_12.1.2_PUBLIC/Ghidra/Processors/DATA/ghidra_scripts
    /Users/joshuahansen/ghidra_12.1.2_PUBLIC/Ghidra/Features/BytePatterns/ghidra_scripts
    /Users/joshuahansen/ghidra_12.1.2_PUBLIC/Ghidra/Debug/Debugger-rmi-trace/ghidra_scripts
    /Users/joshuahansen/ghidra_12.1.2_PUBLIC/Ghidra/Features/BSim/ghidra_scripts
    /Users/joshuahansen/ghidra_12.1.2_PUBLIC/Ghidra/Features/DecompilerDependent/ghidra_scripts
    /Users/joshuahansen/ghidra_12.1.2_PUBLIC/Ghidra/Features/WildcardAssembler/ghidra_scripts
    /Users/joshuahansen/ghidra_12.1.2_PUBLIC/Ghidra/Processors/Atmel/ghidra_scripts
    /Users/joshuahansen/ghidra_12.1.2_PUBLIC/Ghidra/Processors/JVM/ghidra_scripts
    /Users/joshuahansen/ghidra_12.1.2_PUBLIC/Ghidra/Features/FileFormats/ghidra_scripts
    /Users/joshuahansen/ghidra_12.1.2_PUBLIC/Ghidra/Processors/8051/ghidra_scripts
    /Users/joshuahansen/ghidra_12.1.2_PUBLIC/Ghidra/Features/Base/ghidra_scripts
    /Users/joshuahansen/ghidra_12.1.2_PUBLIC/Ghidra/Features/VersionTracking/ghidra_scripts
    /Users/joshuahansen/ghidra_12.1.2_PUBLIC/Ghidra/Features/Decompiler/ghidra_scripts
    /Users/joshuahansen/ghidra_12.1.2_PUBLIC/Ghidra/Features/PyGhidra/ghidra_scripts
    /Users/joshuahansen/ghidra_12.1.2_PUBLIC/Ghidra/Processors/PIC/ghidra_scripts
    /Users/joshuahansen/ghidra_12.1.2_PUBLIC/Ghidra/Debug/Debugger/ghidra_scripts
    /Users/joshuahansen/ghidra_12.1.2_PUBLIC/Ghidra/Features/SystemEmulation/ghidra_scripts
    /Users/joshuahansen/ghidra_12.1.2_PUBLIC/Ghidra/Features/GnuDemangler/ghidra_scripts
    /Users/joshuahansen/ghidra_12.1.2_PUBLIC/Ghidra/Features/MicrosoftCodeAnalyzer/ghidra_scripts
    /Users/joshuahansen/ghidra_12.1.2_PUBLIC/Ghidra/Features/PDB/ghidra_scripts
    /Users/joshuahansen/ghidra_12.1.2_PUBLIC/Ghidra/Features/SwiftDemangler/ghidra_scripts
    /Users/joshuahansen/ghidra_12.1.2_PUBLIC/Ghidra/Features/FunctionID/ghidra_scripts
    /Users/joshuahansen/dev/GhiGBC/scripts (HeadlessAnalyzer)  
INFO  HEADLESS: execution starts (HeadlessAnalyzer)  
INFO  Opening existing project: /Users/joshuahansen/dev/GhiGBC/build/projects/GBW3Study12 (HeadlessAnalyzer)  
INFO  Opening project: /Users/joshuahansen/dev/GhiGBC/build/projects/GBW3Study12 (HeadlessProject)  
INFO  REPORT: Processing read-only project file: /student-copy (HeadlessAnalyzer)  
INFO  REPORT: Execute script: ExportGbcKnowledge.java '/Users/joshuahansen/dev/GhiGBC/build/experiments/student.knowledge.json'  (HeadlessAnalyzer)  
INFO  SCRIPT: /Users/joshuahansen/dev/GhiGBC/scripts/ExportGbcKnowledge.java (HeadlessAnalyzer)  
INFO  ExportGbcKnowledge.java> Exported 9789 symbols, 1792 functions, 3 structures, 18 comments to /Users/joshuahansen/dev/GhiGBC/build/experiments/student.knowledge.json (GhidraScript)  
