INFO  Using log config file: jar:file:/Users/joshuahansen/ghidra_12.1.2_PUBLIC/Ghidra/Framework/Generic/lib/Generic.jar!/generic.log4j.xml (LoggingInitialization)  
INFO  Using log file: /Users/joshuahansen/dev/GhiGBC/.local/clean-launch12/Library/ghidra/ghidra_12.1.2_PUBLIC/application.log (LoggingInitialization)  
INFO  Loading user preferences: /Users/joshuahansen/dev/GhiGBC/.local/clean-launch12/Library/ghidra/ghidra_12.1.2_PUBLIC/preferences (Preferences)  
INFO  Searching for classes... (ClassSearcher)  
INFO  Class search complete (890 ms) (ClassSearcher)  
INFO  Initializing SSL Context (DefaultSSLContextInitializer)  
INFO  Initializing Random Number Generator... (SecureRandomFactory)  
INFO  Random Number Generator initialization complete: NativePRNGNonBlocking (SecureRandomFactory)  
INFO  Trust manager disabled, cacerts have not been set (DefaultTrustManagerFactory)  
INFO  Creating project: /Users/joshuahansen/dev/GhiGBC/build/projects/UIActions-1788591989153 (DefaultProject)  
INFO  Using Loader: Game Boy (ProgramLoader)  
INFO  Using Language/Compiler: SM83:LE:16:default:default (ProgramLoader)  
INFO  Using Library Search Path: [., /System/Library/dyld/dyld_shared_cache_arm64e, /System/Library/dyld/dyld_shared_cache_x86_64, /System/Library/dyld/dyld_shared_cache_x86_64h, /System/Cryptexes/OS/System/Library/dyld/dyld_shared_cache_arm64e, /System/Cryptexes/OS/System/Library/dyld/dyld_shared_cache_x86_64, /System/Cryptexes/OS/System/Library/dyld/dyld_shared_cache_x86_64h, /Users/joshuahansen/dev/GhiGBC/.local/ui-action-app/GhiGBCValidation.app/Contents/app, /Users/joshuahansen/Library/Java/Extensions, /Library/Java/Extensions, /Network/Library/Java/Extensions, /System/Library/Java/Extensions, /usr/lib/java] (ProgramLoader)  
INFO  /teaching.gbc: file created (joshuahansen) (LocalFileSystem)  
WARN  Plugin DebuggerModulesPlugin did not register a service handler for: interface ghidra.app.services.DebuggerAutoMappingService (DebuggerModulesPlugin)  
INFO  /New Traces/GBC/teaching: file created (joshuahansen) (LocalFileSystem)  
PASS initial capture mappings ready
PHASE bank_breakpoint: In the static Listing, go to StudentBankTwo, then right-click: GBC > Breakpoint in this physical bank.
PASS actual static-context action created canonical ROM bank 2 breakpoint
PHASE continue_bank: Press the native debugger Continue button. Expect a stop at bank 2 CPU 4029.
Exception in thread "AWT-EventQueue-0" java.lang.AssertionError: Duplicate node name: MappingReady@416617383
	at ghidra.app.plugin.core.debug.gui.model.ObjectTreeModel$AbstractNode.addNodeSorted(ObjectTreeModel.java:241)
	at ghidra.app.plugin.core.debug.gui.model.ObjectTreeModel$AbstractNode.childCreated(ObjectTreeModel.java:291)
	at ghidra.app.plugin.core.debug.gui.model.ObjectTreeModel$ListenerForChanges.valueLifespanChanged(ObjectTreeModel.java:149)
	at ghidra.trace.util.TypedEventDispatcher$AffectedAndValuesOnlyHandler.handle(TypedEventDispatcher.java:64)
	at ghidra.trace.util.TypedEventDispatcher.handleTraceChangeRecord(TypedEventDispatcher.java:191)
	at ghidra.trace.util.TypedEventDispatcher.handleChangeRecord(TypedEventDispatcher.java:175)
	at ghidra.trace.model.TraceDomainObjectListener.domainObjectChanged(TraceDomainObjectListener.java:36)
	at ghidra.framework.data.DomainObjectChangeSupport$EventNotification.doNotify(DomainObjectChangeSupport.java:297)
	at ghidra.framework.data.DomainObjectChangeSupport.doSendEventsNow(DomainObjectChangeSupport.java:164)
	at ghidra.framework.data.DomainObjectChangeSupport.lambda$sendEventNow$3(DomainObjectChangeSupport.java:158)
	at ghidra.util.Swing.doRun(Swing.java:292)
	at ghidra.util.Swing.runNow(Swing.java:208)
	at ghidra.util.Swing.runNow(Swing.java:163)
	at ghidra.framework.data.DomainObjectChangeSupport.sendEventNow(DomainObjectChangeSupport.java:158)
	at ghidra.framework.data.DomainObjectChangeSupport.flush(DomainObjectChangeSupport.java:134)
	at ghidra.framework.data.DomainObjectAdapter.flushEvents(DomainObjectAdapter.java:232)
	at ghidra.framework.data.DomainObjectTransactionManager.lambda$flushDomainObjectEvents$0(DomainObjectTransactionManager.java:134)
	at java.desktop/java.awt.event.InvocationEvent.dispatch(InvocationEvent.java:318)
	at java.desktop/java.awt.EventQueue.dispatchEventImpl(EventQueue.java:773)
	at java.desktop/java.awt.EventQueue$4.run(EventQueue.java:720)
	at java.desktop/java.awt.EventQueue$4.run(EventQueue.java:714)
	at java.base/java.security.AccessController.doPrivileged(AccessController.java:400)
	at java.base/java.security.ProtectionDomain$JavaSecurityAccessImpl.doIntersectionPrivilege(ProtectionDomain.java:87)
	at java.desktop/java.awt.EventQueue.dispatchEvent(EventQueue.java:742)
	at java.desktop/java.awt.EventDispatchThread.pumpOneEventForFilters(EventDispatchThread.java:203)
	at java.desktop/java.awt.EventDispatchThread.pumpEventsForFilter(EventDispatchThread.java:124)
	at java.desktop/java.awt.EventDispatchThread.pumpEventsForHierarchy(EventDispatchThread.java:113)
	at java.desktop/java.awt.EventDispatchThread.pumpEvents(EventDispatchThread.java:109)
	at java.desktop/java.awt.EventDispatchThread.pumpEvents(EventDispatchThread.java:101)
	at java.desktop/java.awt.EventDispatchThread.run(EventDispatchThread.java:90)
java.lang.ArrayIndexOutOfBoundsException: No such child: 13
	at java.desktop/java.awt.Container.getComponent(Container.java:354)
	at java.desktop/javax.swing.JMenu.getMenuComponent(JMenu.java:871)
	at java.desktop/javax.swing.JMenu.getItem(JMenu.java:766)
	at java.desktop/javax.swing.JMenu$AccessibleJMenu.isAccessibleChildSelected(JMenu.java:1552)
	at java.desktop/sun.lwawt.macosx.CAccessibility$9.call(CAccessibility.java:242)
	at java.desktop/sun.lwawt.macosx.CAccessibility$9.call(CAccessibility.java:234)
	at java.desktop/sun.lwawt.macosx.LWCToolkit$CallableWrapper.run(LWCToolkit.java:701)
	at java.desktop/java.awt.event.InvocationEvent.dispatch(InvocationEvent.java:308)
	at java.desktop/java.awt.EventQueue.dispatchEventImpl(EventQueue.java:773)
	at java.desktop/java.awt.EventQueue$4.run(EventQueue.java:720)
	at java.desktop/java.awt.EventQueue$4.run(EventQueue.java:714)
	at java.base/java.security.AccessController.doPrivileged(AccessController.java:400)
	at java.base/java.security.ProtectionDomain$JavaSecurityAccessImpl.doIntersectionPrivilege(ProtectionDomain.java:87)
	at java.base/java.security.ProtectionDomain$JavaSecurityAccessImpl.doIntersectionPrivilege(ProtectionDomain.java:98)
	at java.desktop/java.awt.EventQueue$5.run(EventQueue.java:747)
	at java.desktop/java.awt.EventQueue$5.run(EventQueue.java:745)
	at java.base/java.security.AccessController.doPrivileged(AccessController.java:400)
	at java.base/java.security.ProtectionDomain$JavaSecurityAccessImpl.doIntersectionPrivilege(ProtectionDomain.java:87)
	at java.desktop/java.awt.EventQueue.dispatchEvent(EventQueue.java:744)
	at java.desktop/java.awt.EventDispatchThread.pumpOneEventForFilters(EventDispatchThread.java:203)
	at java.desktop/java.awt.EventDispatchThread.pumpEventsForFilter(EventDispatchThread.java:124)
	at java.desktop/java.awt.EventDispatchThread.pumpEventsForHierarchy(EventDispatchThread.java:113)
	at java.desktop/java.awt.EventDispatchThread.pumpEvents(EventDispatchThread.java:109)
	at java.desktop/java.awt.EventDispatchThread.pumpEvents(EventDispatchThread.java:101)
	at java.desktop/java.awt.EventDispatchThread.run(EventDispatchThread.java:90)
java.lang.ArrayIndexOutOfBoundsException: No such child: 14
	at java.desktop/java.awt.Container.getComponent(Container.java:354)
	at java.desktop/javax.swing.JMenu.getMenuComponent(JMenu.java:871)
	at java.desktop/javax.swing.JMenu.getItem(JMenu.java:766)
	at java.desktop/javax.swing.JMenu$AccessibleJMenu.isAccessibleChildSelected(JMenu.java:1552)
	at java.desktop/sun.lwawt.macosx.CAccessibility$9.call(CAccessibility.java:242)
	at java.desktop/sun.lwawt.macosx.CAccessibility$9.call(CAccessibility.java:234)
	at java.desktop/sun.lwawt.macosx.LWCToolkit$CallableWrapper.run(LWCToolkit.java:701)
	at java.desktop/java.awt.event.InvocationEvent.dispatch(InvocationEvent.java:308)
	at java.desktop/java.awt.EventQueue.dispatchEventImpl(EventQueue.java:773)
	at java.desktop/java.awt.EventQueue$4.run(EventQueue.java:720)
	at java.desktop/java.awt.EventQueue$4.run(EventQueue.java:714)
	at java.base/java.security.AccessController.doPrivileged(AccessController.java:400)
	at java.base/java.security.ProtectionDomain$JavaSecurityAccessImpl.doIntersectionPrivilege(ProtectionDomain.java:87)
	at java.base/java.security.ProtectionDomain$JavaSecurityAccessImpl.doIntersectionPrivilege(ProtectionDomain.java:98)
	at java.desktop/java.awt.EventQueue$5.run(EventQueue.java:747)
	at java.desktop/java.awt.EventQueue$5.run(EventQueue.java:745)
	at java.base/java.security.AccessController.doPrivileged(AccessController.java:400)
	at java.base/java.security.ProtectionDomain$JavaSecurityAccessImpl.doIntersectionPrivilege(ProtectionDomain.java:87)
	at java.desktop/java.awt.EventQueue.dispatchEvent(EventQueue.java:744)
	at java.desktop/java.awt.EventDispatchThread.pumpOneEventForFilters(EventDispatchThread.java:203)
	at java.desktop/java.awt.EventDispatchThread.pumpEventsForFilter(EventDispatchThread.java:124)
	at java.desktop/java.awt.EventDispatchThread.pumpEventsForHierarchy(EventDispatchThread.java:113)
	at java.desktop/java.awt.EventDispatchThread.pumpEvents(EventDispatchThread.java:109)
	at java.desktop/java.awt.EventDispatchThread.pumpEvents(EventDispatchThread.java:101)
	at java.desktop/java.awt.EventDispatchThread.run(EventDispatchThread.java:90)
java.lang.ArrayIndexOutOfBoundsException: No such child: 15
	at java.desktop/java.awt.Container.getComponent(Container.java:354)
	at java.desktop/javax.swing.JMenu.getMenuComponent(JMenu.java:871)
	at java.desktop/javax.swing.JMenu.getItem(JMenu.java:766)
	at java.desktop/javax.swing.JMenu$AccessibleJMenu.isAccessibleChildSelected(JMenu.java:1552)
	at java.desktop/sun.lwawt.macosx.CAccessibility$9.call(CAccessibility.java:242)
	at java.desktop/sun.lwawt.macosx.CAccessibility$9.call(CAccessibility.java:234)
	at java.desktop/sun.lwawt.macosx.LWCToolkit$CallableWrapper.run(LWCToolkit.java:701)
	at java.desktop/java.awt.event.InvocationEvent.dispatch(InvocationEvent.java:308)
	at java.desktop/java.awt.EventQueue.dispatchEventImpl(EventQueue.java:773)
	at java.desktop/java.awt.EventQueue$4.run(EventQueue.java:720)
	at java.desktop/java.awt.EventQueue$4.run(EventQueue.java:714)
	at java.base/java.security.AccessController.doPrivileged(AccessController.java:400)
	at java.base/java.security.ProtectionDomain$JavaSecurityAccessImpl.doIntersectionPrivilege(ProtectionDomain.java:87)
	at java.base/java.security.ProtectionDomain$JavaSecurityAccessImpl.doIntersectionPrivilege(ProtectionDomain.java:98)
	at java.desktop/java.awt.EventQueue$5.run(EventQueue.java:747)
	at java.desktop/java.awt.EventQueue$5.run(EventQueue.java:745)
	at java.base/java.security.AccessController.doPrivileged(AccessController.java:400)
	at java.base/java.security.ProtectionDomain$JavaSecurityAccessImpl.doIntersectionPrivilege(ProtectionDomain.java:87)
	at java.desktop/java.awt.EventQueue.dispatchEvent(EventQueue.java:744)
	at java.desktop/java.awt.EventDispatchThread.pumpOneEventForFilters(EventDispatchThread.java:203)
	at java.desktop/java.awt.EventDispatchThread.pumpEventsForFilter(EventDispatchThread.java:124)
	at java.desktop/java.awt.EventDispatchThread.pumpEventsForHierarchy(EventDispatchThread.java:113)
	at java.desktop/java.awt.EventDispatchThread.pumpEvents(EventDispatchThread.java:109)
	at java.desktop/java.awt.EventDispatchThread.pumpEvents(EventDispatchThread.java:101)
	at java.desktop/java.awt.EventDispatchThread.run(EventDispatchThread.java:90)
java.lang.ArrayIndexOutOfBoundsException: No such child: 16
	at java.desktop/java.awt.Container.getComponent(Container.java:354)
	at java.desktop/javax.swing.JMenu.getMenuComponent(JMenu.java:871)
	at java.desktop/javax.swing.JMenu.getItem(JMenu.java:766)
	at java.desktop/javax.swing.JMenu$AccessibleJMenu.isAccessibleChildSelected(JMenu.java:1552)
	at java.desktop/sun.lwawt.macosx.CAccessibility$9.call(CAccessibility.java:242)
	at java.desktop/sun.lwawt.macosx.CAccessibility$9.call(CAccessibility.java:234)
	at java.desktop/sun.lwawt.macosx.LWCToolkit$CallableWrapper.run(LWCToolkit.java:701)
	at java.desktop/java.awt.event.InvocationEvent.dispatch(InvocationEvent.java:308)
	at java.desktop/java.awt.EventQueue.dispatchEventImpl(EventQueue.java:773)
	at java.desktop/java.awt.EventQueue$4.run(EventQueue.java:720)
	at java.desktop/java.awt.EventQueue$4.run(EventQueue.java:714)
	at java.base/java.security.AccessController.doPrivileged(AccessController.java:400)
	at java.base/java.security.ProtectionDomain$JavaSecurityAccessImpl.doIntersectionPrivilege(ProtectionDomain.java:87)
	at java.base/java.security.ProtectionDomain$JavaSecurityAccessImpl.doIntersectionPrivilege(ProtectionDomain.java:98)
	at java.desktop/java.awt.EventQueue$5.run(EventQueue.java:747)
	at java.desktop/java.awt.EventQueue$5.run(EventQueue.java:745)
	at java.base/java.security.AccessController.doPrivileged(AccessController.java:400)
	at java.base/java.security.ProtectionDomain$JavaSecurityAccessImpl.doIntersectionPrivilege(ProtectionDomain.java:87)
	at java.desktop/java.awt.EventQueue.dispatchEvent(EventQueue.java:744)
	at java.desktop/java.awt.EventDispatchThread.pumpOneEventForFilters(EventDispatchThread.java:203)
	at java.desktop/java.awt.EventDispatchThread.pumpEventsForFilter(EventDispatchThread.java:124)
	at java.desktop/java.awt.EventDispatchThread.pumpEventsForHierarchy(EventDispatchThread.java:113)
	at java.desktop/java.awt.EventDispatchThread.pumpEvents(EventDispatchThread.java:109)
	at java.desktop/java.awt.EventDispatchThread.pumpEvents(EventDispatchThread.java:101)
	at java.desktop/java.awt.EventDispatchThread.run(EventDispatchThread.java:90)
java.lang.ArrayIndexOutOfBoundsException: No such child: 18
	at java.desktop/java.awt.Container.getComponent(Container.java:354)
	at java.desktop/javax.swing.JMenu.getMenuComponent(JMenu.java:871)
	at java.desktop/javax.swing.JMenu.getItem(JMenu.java:766)
	at java.desktop/javax.swing.JMenu$AccessibleJMenu.isAccessibleChildSelected(JMenu.java:1552)
	at java.desktop/sun.lwawt.macosx.CAccessibility$9.call(CAccessibility.java:242)
	at java.desktop/sun.lwawt.macosx.CAccessibility$9.call(CAccessibility.java:234)
	at java.desktop/sun.lwawt.macosx.LWCToolkit$CallableWrapper.run(LWCToolkit.java:701)
	at java.desktop/java.awt.event.InvocationEvent.dispatch(InvocationEvent.java:308)
	at java.desktop/java.awt.EventQueue.dispatchEventImpl(EventQueue.java:773)
	at java.desktop/java.awt.EventQueue$4.run(EventQueue.java:720)
	at java.desktop/java.awt.EventQueue$4.run(EventQueue.java:714)
	at java.base/java.security.AccessController.doPrivileged(AccessController.java:400)
	at java.base/java.security.ProtectionDomain$JavaSecurityAccessImpl.doIntersectionPrivilege(ProtectionDomain.java:87)
	at java.base/java.security.ProtectionDomain$JavaSecurityAccessImpl.doIntersectionPrivilege(ProtectionDomain.java:98)
	at java.desktop/java.awt.EventQueue$5.run(EventQueue.java:747)
	at java.desktop/java.awt.EventQueue$5.run(EventQueue.java:745)
	at java.base/java.security.AccessController.doPrivileged(AccessController.java:400)
	at java.base/java.security.ProtectionDomain$JavaSecurityAccessImpl.doIntersectionPrivilege(ProtectionDomain.java:87)
	at java.desktop/java.awt.EventQueue.dispatchEvent(EventQueue.java:744)
	at java.desktop/java.awt.EventDispatchThread.pumpOneEventForFilters(EventDispatchThread.java:203)
	at java.desktop/java.awt.EventDispatchThread.pumpEventsForFilter(EventDispatchThread.java:124)
	at java.desktop/java.awt.EventDispatchThread.pumpEventsForHierarchy(EventDispatchThread.java:113)
	at java.desktop/java.awt.EventDispatchThread.pumpEvents(EventDispatchThread.java:109)
	at java.desktop/java.awt.EventDispatchThread.pumpEvents(EventDispatchThread.java:101)
	at java.desktop/java.awt.EventDispatchThread.run(EventDispatchThread.java:90)
java.lang.ArrayIndexOutOfBoundsException: No such child: 19
	at java.desktop/java.awt.Container.getComponent(Container.java:354)
	at java.desktop/javax.swing.JMenu.getMenuComponent(JMenu.java:871)
	at java.desktop/javax.swing.JMenu.getItem(JMenu.java:766)
	at java.desktop/javax.swing.JMenu$AccessibleJMenu.isAccessibleChildSelected(JMenu.java:1552)
	at java.desktop/sun.lwawt.macosx.CAccessibility$9.call(CAccessibility.java:242)
	at java.desktop/sun.lwawt.macosx.CAccessibility$9.call(CAccessibility.java:234)
	at java.desktop/sun.lwawt.macosx.LWCToolkit$CallableWrapper.run(LWCToolkit.java:701)
	at java.desktop/java.awt.event.InvocationEvent.dispatch(InvocationEvent.java:308)
	at java.desktop/java.awt.EventQueue.dispatchEventImpl(EventQueue.java:773)
	at java.desktop/java.awt.EventQueue$4.run(EventQueue.java:720)
	at java.desktop/java.awt.EventQueue$4.run(EventQueue.java:714)
	at java.base/java.security.AccessController.doPrivileged(AccessController.java:400)
	at java.base/java.security.ProtectionDomain$JavaSecurityAccessImpl.doIntersectionPrivilege(ProtectionDomain.java:87)
	at java.base/java.security.ProtectionDomain$JavaSecurityAccessImpl.doIntersectionPrivilege(ProtectionDomain.java:98)
	at java.desktop/java.awt.EventQueue$5.run(EventQueue.java:747)
	at java.desktop/java.awt.EventQueue$5.run(EventQueue.java:745)
	at java.base/java.security.AccessController.doPrivileged(AccessController.java:400)
	at java.base/java.security.ProtectionDomain$JavaSecurityAccessImpl.doIntersectionPrivilege(ProtectionDomain.java:87)
	at java.desktop/java.awt.EventQueue.dispatchEvent(EventQueue.java:744)
	at java.desktop/java.awt.EventDispatchThread.pumpOneEventForFilters(EventDispatchThread.java:203)
	at java.desktop/java.awt.EventDispatchThread.pumpEventsForFilter(EventDispatchThread.java:124)
	at java.desktop/java.awt.EventDispatchThread.pumpEventsForHierarchy(EventDispatchThread.java:113)
	at java.desktop/java.awt.EventDispatchThread.pumpEvents(EventDispatchThread.java:109)
	at java.desktop/java.awt.EventDispatchThread.pumpEvents(EventDispatchThread.java:101)
	at java.desktop/java.awt.EventDispatchThread.run(EventDispatchThread.java:90)
java.lang.ArrayIndexOutOfBoundsException: No such child: 20
	at java.desktop/java.awt.Container.getComponent(Container.java:354)
	at java.desktop/javax.swing.JMenu.getMenuComponent(JMenu.java:871)
	at java.desktop/javax.swing.JMenu.getItem(JMenu.java:766)
	at java.desktop/javax.swing.JMenu$AccessibleJMenu.isAccessibleChildSelected(JMenu.java:1552)
	at java.desktop/sun.lwawt.macosx.CAccessibility$9.call(CAccessibility.java:242)
	at java.desktop/sun.lwawt.macosx.CAccessibility$9.call(CAccessibility.java:234)
	at java.desktop/sun.lwawt.macosx.LWCToolkit$CallableWrapper.run(LWCToolkit.java:701)
	at java.desktop/java.awt.event.InvocationEvent.dispatch(InvocationEvent.java:308)
	at java.desktop/java.awt.EventQueue.dispatchEventImpl(EventQueue.java:773)
	at java.desktop/java.awt.EventQueue$4.run(EventQueue.java:720)
	at java.desktop/java.awt.EventQueue$4.run(EventQueue.java:714)
	at java.base/java.security.AccessController.doPrivileged(AccessController.java:400)
	at java.base/java.security.ProtectionDomain$JavaSecurityAccessImpl.doIntersectionPrivilege(ProtectionDomain.java:87)
	at java.base/java.security.ProtectionDomain$JavaSecurityAccessImpl.doIntersectionPrivilege(ProtectionDomain.java:98)
	at java.desktop/java.awt.EventQueue$5.run(EventQueue.java:747)
	at java.desktop/java.awt.EventQueue$5.run(EventQueue.java:745)
	at java.base/java.security.AccessController.doPrivileged(AccessController.java:400)
	at java.base/java.security.ProtectionDomain$JavaSecurityAccessImpl.doIntersectionPrivilege(ProtectionDomain.java:87)
	at java.desktop/java.awt.EventQueue.dispatchEvent(EventQueue.java:744)
	at java.desktop/java.awt.EventDispatchThread.pumpOneEventForFilters(EventDispatchThread.java:203)
	at java.desktop/java.awt.EventDispatchThread.pumpEventsForFilter(EventDispatchThread.java:124)
	at java.desktop/java.awt.EventDispatchThread.pumpEventsForHierarchy(EventDispatchThread.java:113)
	at java.desktop/java.awt.EventDispatchThread.pumpEvents(EventDispatchThread.java:109)
	at java.desktop/java.awt.EventDispatchThread.pumpEvents(EventDispatchThread.java:101)
	at java.desktop/java.awt.EventDispatchThread.run(EventDispatchThread.java:90)
java.lang.ArrayIndexOutOfBoundsException: No such child: 10
	at java.desktop/java.awt.Container.getComponent(Container.java:354)
	at java.desktop/javax.swing.JMenu.getMenuComponent(JMenu.java:871)
	at java.desktop/javax.swing.JMenu.getItem(JMenu.java:766)
	at java.desktop/javax.swing.JMenu$AccessibleJMenu.isAccessibleChildSelected(JMenu.java:1552)
	at java.desktop/sun.lwawt.macosx.CAccessibility$9.call(CAccessibility.java:242)
	at java.desktop/sun.lwawt.macosx.CAccessibility$9.call(CAccessibility.java:234)
	at java.desktop/sun.lwawt.macosx.LWCToolkit$CallableWrapper.run(LWCToolkit.java:701)
	at java.desktop/java.awt.event.InvocationEvent.dispatch(InvocationEvent.java:308)
	at java.desktop/java.awt.EventQueue.dispatchEventImpl(EventQueue.java:773)
	at java.desktop/java.awt.EventQueue$4.run(EventQueue.java:720)
	at java.desktop/java.awt.EventQueue$4.run(EventQueue.java:714)
	at java.base/java.security.AccessController.doPrivileged(AccessController.java:400)
	at java.base/java.security.ProtectionDomain$JavaSecurityAccessImpl.doIntersectionPrivilege(ProtectionDomain.java:87)
	at java.base/java.security.ProtectionDomain$JavaSecurityAccessImpl.doIntersectionPrivilege(ProtectionDomain.java:98)
	at java.desktop/java.awt.EventQueue$5.run(EventQueue.java:747)
	at java.desktop/java.awt.EventQueue$5.run(EventQueue.java:745)
	at java.base/java.security.AccessController.doPrivileged(AccessController.java:400)
	at java.base/java.security.ProtectionDomain$JavaSecurityAccessImpl.doIntersectionPrivilege(ProtectionDomain.java:87)
	at java.desktop/java.awt.EventQueue.dispatchEvent(EventQueue.java:744)
	at java.desktop/java.awt.EventDispatchThread.pumpOneEventForFilters(EventDispatchThread.java:203)
	at java.desktop/java.awt.EventDispatchThread.pumpEventsForFilter(EventDispatchThread.java:124)
	at java.desktop/java.awt.EventDispatchThread.pumpEventsForHierarchy(EventDispatchThread.java:113)
	at java.desktop/java.awt.EventDispatchThread.pumpEvents(EventDispatchThread.java:109)
	at java.desktop/java.awt.EventDispatchThread.pumpEvents(EventDispatchThread.java:101)
	at java.desktop/java.awt.EventDispatchThread.run(EventDispatchThread.java:90)
java.lang.ArrayIndexOutOfBoundsException: No such child: 11
	at java.desktop/java.awt.Container.getComponent(Container.java:354)
	at java.desktop/javax.swing.JMenu.getMenuComponent(JMenu.java:871)
	at java.desktop/javax.swing.JMenu.getItem(JMenu.java:766)
	at java.desktop/javax.swing.JMenu$AccessibleJMenu.isAccessibleChildSelected(JMenu.java:1552)
	at java.desktop/sun.lwawt.macosx.CAccessibility$9.call(CAccessibility.java:242)
	at java.desktop/sun.lwawt.macosx.CAccessibility$9.call(CAccessibility.java:234)
	at java.desktop/sun.lwawt.macosx.LWCToolkit$CallableWrapper.run(LWCToolkit.java:701)
	at java.desktop/java.awt.event.InvocationEvent.dispatch(InvocationEvent.java:308)
	at java.desktop/java.awt.EventQueue.dispatchEventImpl(EventQueue.java:773)
	at java.desktop/java.awt.EventQueue$4.run(EventQueue.java:720)
	at java.desktop/java.awt.EventQueue$4.run(EventQueue.java:714)
	at java.base/java.security.AccessController.doPrivileged(AccessController.java:400)
	at java.base/java.security.ProtectionDomain$JavaSecurityAccessImpl.doIntersectionPrivilege(ProtectionDomain.java:87)
	at java.base/java.security.ProtectionDomain$JavaSecurityAccessImpl.doIntersectionPrivilege(ProtectionDomain.java:98)
	at java.desktop/java.awt.EventQueue$5.run(EventQueue.java:747)
	at java.desktop/java.awt.EventQueue$5.run(EventQueue.java:745)
	at java.base/java.security.AccessController.doPrivileged(AccessController.java:400)
	at java.base/java.security.ProtectionDomain$JavaSecurityAccessImpl.doIntersectionPrivilege(ProtectionDomain.java:87)
	at java.desktop/java.awt.EventQueue.dispatchEvent(EventQueue.java:744)
	at java.desktop/java.awt.EventDispatchThread.pumpOneEventForFilters(EventDispatchThread.java:203)
	at java.desktop/java.awt.EventDispatchThread.pumpEventsForFilter(EventDispatchThread.java:124)
	at java.desktop/java.awt.EventDispatchThread.pumpEventsForHierarchy(EventDispatchThread.java:113)
	at java.desktop/java.awt.EventDispatchThread.pumpEvents(EventDispatchThread.java:109)
	at java.desktop/java.awt.EventDispatchThread.pumpEvents(EventDispatchThread.java:101)
	at java.desktop/java.awt.EventDispatchThread.run(EventDispatchThread.java:90)
java.lang.ArrayIndexOutOfBoundsException: No such child: 12
	at java.desktop/java.awt.Container.getComponent(Container.java:354)
	at java.desktop/javax.swing.JMenu.getMenuComponent(JMenu.java:871)
	at java.desktop/javax.swing.JMenu.getItem(JMenu.java:766)
	at java.desktop/javax.swing.JMenu$AccessibleJMenu.isAccessibleChildSelected(JMenu.java:1552)
	at java.desktop/sun.lwawt.macosx.CAccessibility$9.call(CAccessibility.java:242)
	at java.desktop/sun.lwawt.macosx.CAccessibility$9.call(CAccessibility.java:234)
	at java.desktop/sun.lwawt.macosx.LWCToolkit$CallableWrapper.run(LWCToolkit.java:701)
	at java.desktop/java.awt.event.InvocationEvent.dispatch(InvocationEvent.java:308)
	at java.desktop/java.awt.EventQueue.dispatchEventImpl(EventQueue.java:773)
	at java.desktop/java.awt.EventQueue$4.run(EventQueue.java:720)
	at java.desktop/java.awt.EventQueue$4.run(EventQueue.java:714)
	at java.base/java.security.AccessController.doPrivileged(AccessController.java:400)
	at java.base/java.security.ProtectionDomain$JavaSecurityAccessImpl.doIntersectionPrivilege(ProtectionDomain.java:87)
	at java.base/java.security.ProtectionDomain$JavaSecurityAccessImpl.doIntersectionPrivilege(ProtectionDomain.java:98)
	at java.desktop/java.awt.EventQueue$5.run(EventQueue.java:747)
	at java.desktop/java.awt.EventQueue$5.run(EventQueue.java:745)
	at java.base/java.security.AccessController.doPrivileged(AccessController.java:400)
	at java.base/java.security.ProtectionDomain$JavaSecurityAccessImpl.doIntersectionPrivilege(ProtectionDomain.java:87)
	at java.desktop/java.awt.EventQueue.dispatchEvent(EventQueue.java:744)
	at java.desktop/java.awt.EventDispatchThread.pumpOneEventForFilters(EventDispatchThread.java:203)
	at java.desktop/java.awt.EventDispatchThread.pumpEventsForFilter(EventDispatchThread.java:124)
	at java.desktop/java.awt.EventDispatchThread.pumpEventsForHierarchy(EventDispatchThread.java:113)
	at java.desktop/java.awt.EventDispatchThread.pumpEvents(EventDispatchThread.java:109)
	at java.desktop/java.awt.EventDispatchThread.pumpEvents(EventDispatchThread.java:101)
	at java.desktop/java.awt.EventDispatchThread.run(EventDispatchThread.java:90)
PASS native Continue UI stops at the inactive-bank breakpoint
PHASE continue_writer: Press native Continue again to stop at the WRAM writer.
java.lang.ArrayIndexOutOfBoundsException: No such child: 13
	at java.desktop/java.awt.Container.getComponent(Container.java:354)
	at java.desktop/javax.swing.JMenu.getMenuComponent(JMenu.java:871)
	at java.desktop/javax.swing.JMenu.getItem(JMenu.java:766)
	at java.desktop/javax.swing.JMenu$AccessibleJMenu.isAccessibleChildSelected(JMenu.java:1552)
	at java.desktop/sun.lwawt.macosx.CAccessibility$9.call(CAccessibility.java:242)
	at java.desktop/sun.lwawt.macosx.CAccessibility$9.call(CAccessibility.java:234)
	at java.desktop/sun.lwawt.macosx.LWCToolkit$CallableWrapper.run(LWCToolkit.java:701)
	at java.desktop/java.awt.event.InvocationEvent.dispatch(InvocationEvent.java:308)
	at java.desktop/java.awt.EventQueue.dispatchEventImpl(EventQueue.java:773)
	at java.desktop/java.awt.EventQueue$4.run(EventQueue.java:720)
	at java.desktop/java.awt.EventQueue$4.run(EventQueue.java:714)
	at java.base/java.security.AccessController.doPrivileged(AccessController.java:400)
	at java.base/java.security.ProtectionDomain$JavaSecurityAccessImpl.doIntersectionPrivilege(ProtectionDomain.java:87)
	at java.base/java.security.ProtectionDomain$JavaSecurityAccessImpl.doIntersectionPrivilege(ProtectionDomain.java:98)
	at java.desktop/java.awt.EventQueue$5.run(EventQueue.java:747)
	at java.desktop/java.awt.EventQueue$5.run(EventQueue.java:745)
	at java.base/java.security.AccessController.doPrivileged(AccessController.java:400)
	at java.base/java.security.ProtectionDomain$JavaSecurityAccessImpl.doIntersectionPrivilege(ProtectionDomain.java:87)
	at java.desktop/java.awt.EventQueue.dispatchEvent(EventQueue.java:744)
	at java.desktop/java.awt.EventDispatchThread.pumpOneEventForFilters(EventDispatchThread.java:203)
	at java.desktop/java.awt.EventDispatchThread.pumpEventsForFilter(EventDispatchThread.java:124)
	at java.desktop/java.awt.EventDispatchThread.pumpEventsForHierarchy(EventDispatchThread.java:113)
	at java.desktop/java.awt.EventDispatchThread.pumpEvents(EventDispatchThread.java:109)
	at java.desktop/java.awt.EventDispatchThread.pumpEvents(EventDispatchThread.java:101)
	at java.desktop/java.awt.EventDispatchThread.run(EventDispatchThread.java:90)
java.lang.ArrayIndexOutOfBoundsException: No such child: 14
	at java.desktop/java.awt.Container.getComponent(Container.java:354)
	at java.desktop/javax.swing.JMenu.getMenuComponent(JMenu.java:871)
	at java.desktop/javax.swing.JMenu.getItem(JMenu.java:766)
	at java.desktop/javax.swing.JMenu$AccessibleJMenu.isAccessibleChildSelected(JMenu.java:1552)
	at java.desktop/sun.lwawt.macosx.CAccessibility$9.call(CAccessibility.java:242)
	at java.desktop/sun.lwawt.macosx.CAccessibility$9.call(CAccessibility.java:234)
	at java.desktop/sun.lwawt.macosx.LWCToolkit$CallableWrapper.run(LWCToolkit.java:701)
	at java.desktop/java.awt.event.InvocationEvent.dispatch(InvocationEvent.java:308)
	at java.desktop/java.awt.EventQueue.dispatchEventImpl(EventQueue.java:773)
	at java.desktop/java.awt.EventQueue$4.run(EventQueue.java:720)
	at java.desktop/java.awt.EventQueue$4.run(EventQueue.java:714)
	at java.base/java.security.AccessController.doPrivileged(AccessController.java:400)
	at java.base/java.security.ProtectionDomain$JavaSecurityAccessImpl.doIntersectionPrivilege(ProtectionDomain.java:87)
	at java.base/java.security.ProtectionDomain$JavaSecurityAccessImpl.doIntersectionPrivilege(ProtectionDomain.java:98)
	at java.desktop/java.awt.EventQueue$5.run(EventQueue.java:747)
	at java.desktop/java.awt.EventQueue$5.run(EventQueue.java:745)
	at java.base/java.security.AccessController.doPrivileged(AccessController.java:400)
	at java.base/java.security.ProtectionDomain$JavaSecurityAccessImpl.doIntersectionPrivilege(ProtectionDomain.java:87)
	at java.desktop/java.awt.EventQueue.dispatchEvent(EventQueue.java:744)
	at java.desktop/java.awt.EventDispatchThread.pumpOneEventForFilters(EventDispatchThread.java:203)
	at java.desktop/java.awt.EventDispatchThread.pumpEventsForFilter(EventDispatchThread.java:124)
	at java.desktop/java.awt.EventDispatchThread.pumpEventsForHierarchy(EventDispatchThread.java:113)
	at java.desktop/java.awt.EventDispatchThread.pumpEvents(EventDispatchThread.java:109)
	at java.desktop/java.awt.EventDispatchThread.pumpEvents(EventDispatchThread.java:101)
	at java.desktop/java.awt.EventDispatchThread.run(EventDispatchThread.java:90)
java.lang.ArrayIndexOutOfBoundsException: No such child: 15
	at java.desktop/java.awt.Container.getComponent(Container.java:354)
	at java.desktop/javax.swing.JMenu.getMenuComponent(JMenu.java:871)
	at java.desktop/javax.swing.JMenu.getItem(JMenu.java:766)
	at java.desktop/javax.swing.JMenu$AccessibleJMenu.isAccessibleChildSelected(JMenu.java:1552)
	at java.desktop/sun.lwawt.macosx.CAccessibility$9.call(CAccessibility.java:242)
	at java.desktop/sun.lwawt.macosx.CAccessibility$9.call(CAccessibility.java:234)
	at java.desktop/sun.lwawt.macosx.LWCToolkit$CallableWrapper.run(LWCToolkit.java:701)
	at java.desktop/java.awt.event.InvocationEvent.dispatch(InvocationEvent.java:308)
	at java.desktop/java.awt.EventQueue.dispatchEventImpl(EventQueue.java:773)
	at java.desktop/java.awt.EventQueue$4.run(EventQueue.java:720)
	at java.desktop/java.awt.EventQueue$4.run(EventQueue.java:714)
	at java.base/java.security.AccessController.doPrivileged(AccessController.java:400)
	at java.base/java.security.ProtectionDomain$JavaSecurityAccessImpl.doIntersectionPrivilege(ProtectionDomain.java:87)
	at java.base/java.security.ProtectionDomain$JavaSecurityAccessImpl.doIntersectionPrivilege(ProtectionDomain.java:98)
	at java.desktop/java.awt.EventQueue$5.run(EventQueue.java:747)
	at java.desktop/java.awt.EventQueue$5.run(EventQueue.java:745)
	at java.base/java.security.AccessController.doPrivileged(AccessController.java:400)
	at java.base/java.security.ProtectionDomain$JavaSecurityAccessImpl.doIntersectionPrivilege(ProtectionDomain.java:87)
	at java.desktop/java.awt.EventQueue.dispatchEvent(EventQueue.java:744)
	at java.desktop/java.awt.EventDispatchThread.pumpOneEventForFilters(EventDispatchThread.java:203)
	at java.desktop/java.awt.EventDispatchThread.pumpEventsForFilter(EventDispatchThread.java:124)
	at java.desktop/java.awt.EventDispatchThread.pumpEventsForHierarchy(EventDispatchThread.java:113)
	at java.desktop/java.awt.EventDispatchThread.pumpEvents(EventDispatchThread.java:109)
	at java.desktop/java.awt.EventDispatchThread.pumpEvents(EventDispatchThread.java:101)
	at java.desktop/java.awt.EventDispatchThread.run(EventDispatchThread.java:90)
java.lang.ArrayIndexOutOfBoundsException: No such child: 16
	at java.desktop/java.awt.Container.getComponent(Container.java:354)
	at java.desktop/javax.swing.JMenu.getMenuComponent(JMenu.java:871)
	at java.desktop/javax.swing.JMenu.getItem(JMenu.java:766)
	at java.desktop/javax.swing.JMenu$AccessibleJMenu.isAccessibleChildSelected(JMenu.java:1552)
	at java.desktop/sun.lwawt.macosx.CAccessibility$9.call(CAccessibility.java:242)
	at java.desktop/sun.lwawt.macosx.CAccessibility$9.call(CAccessibility.java:234)
	at java.desktop/sun.lwawt.macosx.LWCToolkit$CallableWrapper.run(LWCToolkit.java:701)
	at java.desktop/java.awt.event.InvocationEvent.dispatch(InvocationEvent.java:308)
	at java.desktop/java.awt.EventQueue.dispatchEventImpl(EventQueue.java:773)
	at java.desktop/java.awt.EventQueue$4.run(EventQueue.java:720)
	at java.desktop/java.awt.EventQueue$4.run(EventQueue.java:714)
	at java.base/java.security.AccessController.doPrivileged(AccessController.java:400)
	at java.base/java.security.ProtectionDomain$JavaSecurityAccessImpl.doIntersectionPrivilege(ProtectionDomain.java:87)
	at java.base/java.security.ProtectionDomain$JavaSecurityAccessImpl.doIntersectionPrivilege(ProtectionDomain.java:98)
	at java.desktop/java.awt.EventQueue$5.run(EventQueue.java:747)
	at java.desktop/java.awt.EventQueue$5.run(EventQueue.java:745)
	at java.base/java.security.AccessController.doPrivileged(AccessController.java:400)
	at java.base/java.security.ProtectionDomain$JavaSecurityAccessImpl.doIntersectionPrivilege(ProtectionDomain.java:87)
	at java.desktop/java.awt.EventQueue.dispatchEvent(EventQueue.java:744)
	at java.desktop/java.awt.EventDispatchThread.pumpOneEventForFilters(EventDispatchThread.java:203)
	at java.desktop/java.awt.EventDispatchThread.pumpEventsForFilter(EventDispatchThread.java:124)
	at java.desktop/java.awt.EventDispatchThread.pumpEventsForHierarchy(EventDispatchThread.java:113)
	at java.desktop/java.awt.EventDispatchThread.pumpEvents(EventDispatchThread.java:109)
	at java.desktop/java.awt.EventDispatchThread.pumpEvents(EventDispatchThread.java:101)
	at java.desktop/java.awt.EventDispatchThread.run(EventDispatchThread.java:90)
java.lang.ArrayIndexOutOfBoundsException: No such child: 18
	at java.desktop/java.awt.Container.getComponent(Container.java:354)
	at java.desktop/javax.swing.JMenu.getMenuComponent(JMenu.java:871)
	at java.desktop/javax.swing.JMenu.getItem(JMenu.java:766)
	at java.desktop/javax.swing.JMenu$AccessibleJMenu.isAccessibleChildSelected(JMenu.java:1552)
	at java.desktop/sun.lwawt.macosx.CAccessibility$9.call(CAccessibility.java:242)
	at java.desktop/sun.lwawt.macosx.CAccessibility$9.call(CAccessibility.java:234)
	at java.desktop/sun.lwawt.macosx.LWCToolkit$CallableWrapper.run(LWCToolkit.java:701)
	at java.desktop/java.awt.event.InvocationEvent.dispatch(InvocationEvent.java:308)
	at java.desktop/java.awt.EventQueue.dispatchEventImpl(EventQueue.java:773)
	at java.desktop/java.awt.EventQueue$4.run(EventQueue.java:720)
	at java.desktop/java.awt.EventQueue$4.run(EventQueue.java:714)
	at java.base/java.security.AccessController.doPrivileged(AccessController.java:400)
	at java.base/java.security.ProtectionDomain$JavaSecurityAccessImpl.doIntersectionPrivilege(ProtectionDomain.java:87)
	at java.base/java.security.ProtectionDomain$JavaSecurityAccessImpl.doIntersectionPrivilege(ProtectionDomain.java:98)
	at java.desktop/java.awt.EventQueue$5.run(EventQueue.java:747)
	at java.desktop/java.awt.EventQueue$5.run(EventQueue.java:745)
	at java.base/java.security.AccessController.doPrivileged(AccessController.java:400)
	at java.base/java.security.ProtectionDomain$JavaSecurityAccessImpl.doIntersectionPrivilege(ProtectionDomain.java:87)
	at java.desktop/java.awt.EventQueue.dispatchEvent(EventQueue.java:744)
	at java.desktop/java.awt.EventDispatchThread.pumpOneEventForFilters(EventDispatchThread.java:203)
	at java.desktop/java.awt.EventDispatchThread.pumpEventsForFilter(EventDispatchThread.java:124)
	at java.desktop/java.awt.EventDispatchThread.pumpEventsForHierarchy(EventDispatchThread.java:113)
	at java.desktop/java.awt.EventDispatchThread.pumpEvents(EventDispatchThread.java:109)
	at java.desktop/java.awt.EventDispatchThread.pumpEvents(EventDispatchThread.java:101)
	at java.desktop/java.awt.EventDispatchThread.run(EventDispatchThread.java:90)
java.lang.ArrayIndexOutOfBoundsException: No such child: 19
	at java.desktop/java.awt.Container.getComponent(Container.java:354)
	at java.desktop/javax.swing.JMenu.getMenuComponent(JMenu.java:871)
	at java.desktop/javax.swing.JMenu.getItem(JMenu.java:766)
	at java.desktop/javax.swing.JMenu$AccessibleJMenu.isAccessibleChildSelected(JMenu.java:1552)
	at java.desktop/sun.lwawt.macosx.CAccessibility$9.call(CAccessibility.java:242)
	at java.desktop/sun.lwawt.macosx.CAccessibility$9.call(CAccessibility.java:234)
	at java.desktop/sun.lwawt.macosx.LWCToolkit$CallableWrapper.run(LWCToolkit.java:701)
	at java.desktop/java.awt.event.InvocationEvent.dispatch(InvocationEvent.java:308)
	at java.desktop/java.awt.EventQueue.dispatchEventImpl(EventQueue.java:773)
	at java.desktop/java.awt.EventQueue$4.run(EventQueue.java:720)
	at java.desktop/java.awt.EventQueue$4.run(EventQueue.java:714)
	at java.base/java.security.AccessController.doPrivileged(AccessController.java:400)
	at java.base/java.security.ProtectionDomain$JavaSecurityAccessImpl.doIntersectionPrivilege(ProtectionDomain.java:87)
	at java.base/java.security.ProtectionDomain$JavaSecurityAccessImpl.doIntersectionPrivilege(ProtectionDomain.java:98)
	at java.desktop/java.awt.EventQueue$5.run(EventQueue.java:747)
	at java.desktop/java.awt.EventQueue$5.run(EventQueue.java:745)
	at java.base/java.security.AccessController.doPrivileged(AccessController.java:400)
	at java.base/java.security.ProtectionDomain$JavaSecurityAccessImpl.doIntersectionPrivilege(ProtectionDomain.java:87)
	at java.desktop/java.awt.EventQueue.dispatchEvent(EventQueue.java:744)
	at java.desktop/java.awt.EventDispatchThread.pumpOneEventForFilters(EventDispatchThread.java:203)
	at java.desktop/java.awt.EventDispatchThread.pumpEventsForFilter(EventDispatchThread.java:124)
	at java.desktop/java.awt.EventDispatchThread.pumpEventsForHierarchy(EventDispatchThread.java:113)
	at java.desktop/java.awt.EventDispatchThread.pumpEvents(EventDispatchThread.java:109)
	at java.desktop/java.awt.EventDispatchThread.pumpEvents(EventDispatchThread.java:101)
	at java.desktop/java.awt.EventDispatchThread.run(EventDispatchThread.java:90)
java.lang.ArrayIndexOutOfBoundsException: No such child: 20
	at java.desktop/java.awt.Container.getComponent(Container.java:354)
	at java.desktop/javax.swing.JMenu.getMenuComponent(JMenu.java:871)
	at java.desktop/javax.swing.JMenu.getItem(JMenu.java:766)
	at java.desktop/javax.swing.JMenu$AccessibleJMenu.isAccessibleChildSelected(JMenu.java:1552)
	at java.desktop/sun.lwawt.macosx.CAccessibility$9.call(CAccessibility.java:242)
	at java.desktop/sun.lwawt.macosx.CAccessibility$9.call(CAccessibility.java:234)
	at java.desktop/sun.lwawt.macosx.LWCToolkit$CallableWrapper.run(LWCToolkit.java:701)
	at java.desktop/java.awt.event.InvocationEvent.dispatch(InvocationEvent.java:308)
	at java.desktop/java.awt.EventQueue.dispatchEventImpl(EventQueue.java:773)
	at java.desktop/java.awt.EventQueue$4.run(EventQueue.java:720)
	at java.desktop/java.awt.EventQueue$4.run(EventQueue.java:714)
	at java.base/java.security.AccessController.doPrivileged(AccessController.java:400)
	at java.base/java.security.ProtectionDomain$JavaSecurityAccessImpl.doIntersectionPrivilege(ProtectionDomain.java:87)
	at java.base/java.security.ProtectionDomain$JavaSecurityAccessImpl.doIntersectionPrivilege(ProtectionDomain.java:98)
	at java.desktop/java.awt.EventQueue$5.run(EventQueue.java:747)
	at java.desktop/java.awt.EventQueue$5.run(EventQueue.java:745)
	at java.base/java.security.AccessController.doPrivileged(AccessController.java:400)
	at java.base/java.security.ProtectionDomain$JavaSecurityAccessImpl.doIntersectionPrivilege(ProtectionDomain.java:87)
	at java.desktop/java.awt.EventQueue.dispatchEvent(EventQueue.java:744)
	at java.desktop/java.awt.EventDispatchThread.pumpOneEventForFilters(EventDispatchThread.java:203)
	at java.desktop/java.awt.EventDispatchThread.pumpEventsForFilter(EventDispatchThread.java:124)
	at java.desktop/java.awt.EventDispatchThread.pumpEventsForHierarchy(EventDispatchThread.java:113)
	at java.desktop/java.awt.EventDispatchThread.pumpEvents(EventDispatchThread.java:109)
	at java.desktop/java.awt.EventDispatchThread.pumpEvents(EventDispatchThread.java:101)
	at java.desktop/java.awt.EventDispatchThread.run(EventDispatchThread.java:90)
java.lang.ArrayIndexOutOfBoundsException: No such child: 10
	at java.desktop/java.awt.Container.getComponent(Container.java:354)
	at java.desktop/javax.swing.JMenu.getMenuComponent(JMenu.java:871)
	at java.desktop/javax.swing.JMenu.getItem(JMenu.java:766)
	at java.desktop/javax.swing.JMenu$AccessibleJMenu.isAccessibleChildSelected(JMenu.java:1552)
	at java.desktop/sun.lwawt.macosx.CAccessibility$9.call(CAccessibility.java:242)
	at java.desktop/sun.lwawt.macosx.CAccessibility$9.call(CAccessibility.java:234)
	at java.desktop/sun.lwawt.macosx.LWCToolkit$CallableWrapper.run(LWCToolkit.java:701)
	at java.desktop/java.awt.event.InvocationEvent.dispatch(InvocationEvent.java:308)
	at java.desktop/java.awt.EventQueue.dispatchEventImpl(EventQueue.java:773)
	at java.desktop/java.awt.EventQueue$4.run(EventQueue.java:720)
	at java.desktop/java.awt.EventQueue$4.run(EventQueue.java:714)
	at java.base/java.security.AccessController.doPrivileged(AccessController.java:400)
	at java.base/java.security.ProtectionDomain$JavaSecurityAccessImpl.doIntersectionPrivilege(ProtectionDomain.java:87)
	at java.base/java.security.ProtectionDomain$JavaSecurityAccessImpl.doIntersectionPrivilege(ProtectionDomain.java:98)
	at java.desktop/java.awt.EventQueue$5.run(EventQueue.java:747)
	at java.desktop/java.awt.EventQueue$5.run(EventQueue.java:745)
	at java.base/java.security.AccessController.doPrivileged(AccessController.java:400)
	at java.base/java.security.ProtectionDomain$JavaSecurityAccessImpl.doIntersectionPrivilege(ProtectionDomain.java:87)
	at java.desktop/java.awt.EventQueue.dispatchEvent(EventQueue.java:744)
	at java.desktop/java.awt.EventDispatchThread.pumpOneEventForFilters(EventDispatchThread.java:203)
	at java.desktop/java.awt.EventDispatchThread.pumpEventsForFilter(EventDispatchThread.java:124)
	at java.desktop/java.awt.EventDispatchThread.pumpEventsForHierarchy(EventDispatchThread.java:113)
	at java.desktop/java.awt.EventDispatchThread.pumpEvents(EventDispatchThread.java:109)
	at java.desktop/java.awt.EventDispatchThread.pumpEvents(EventDispatchThread.java:101)
	at java.desktop/java.awt.EventDispatchThread.run(EventDispatchThread.java:90)
java.lang.ArrayIndexOutOfBoundsException: No such child: 11
	at java.desktop/java.awt.Container.getComponent(Container.java:354)
	at java.desktop/javax.swing.JMenu.getMenuComponent(JMenu.java:871)
	at java.desktop/javax.swing.JMenu.getItem(JMenu.java:766)
	at java.desktop/javax.swing.JMenu$AccessibleJMenu.isAccessibleChildSelected(JMenu.java:1552)
	at java.desktop/sun.lwawt.macosx.CAccessibility$9.call(CAccessibility.java:242)
	at java.desktop/sun.lwawt.macosx.CAccessibility$9.call(CAccessibility.java:234)
	at java.desktop/sun.lwawt.macosx.LWCToolkit$CallableWrapper.run(LWCToolkit.java:701)
	at java.desktop/java.awt.event.InvocationEvent.dispatch(InvocationEvent.java:308)
	at java.desktop/java.awt.EventQueue.dispatchEventImpl(EventQueue.java:773)
	at java.desktop/java.awt.EventQueue$4.run(EventQueue.java:720)
	at java.desktop/java.awt.EventQueue$4.run(EventQueue.java:714)
	at java.base/java.security.AccessController.doPrivileged(AccessController.java:400)
	at java.base/java.security.ProtectionDomain$JavaSecurityAccessImpl.doIntersectionPrivilege(ProtectionDomain.java:87)
	at java.base/java.security.ProtectionDomain$JavaSecurityAccessImpl.doIntersectionPrivilege(ProtectionDomain.java:98)
	at java.desktop/java.awt.EventQueue$5.run(EventQueue.java:747)
	at java.desktop/java.awt.EventQueue$5.run(EventQueue.java:745)
	at java.base/java.security.AccessController.doPrivileged(AccessController.java:400)
	at java.base/java.security.ProtectionDomain$JavaSecurityAccessImpl.doIntersectionPrivilege(ProtectionDomain.java:87)
	at java.desktop/java.awt.EventQueue.dispatchEvent(EventQueue.java:744)
	at java.desktop/java.awt.EventDispatchThread.pumpOneEventForFilters(EventDispatchThread.java:203)
	at java.desktop/java.awt.EventDispatchThread.pumpEventsForFilter(EventDispatchThread.java:124)
	at java.desktop/java.awt.EventDispatchThread.pumpEventsForHierarchy(EventDispatchThread.java:113)
	at java.desktop/java.awt.EventDispatchThread.pumpEvents(EventDispatchThread.java:109)
	at java.desktop/java.awt.EventDispatchThread.pumpEvents(EventDispatchThread.java:101)
	at java.desktop/java.awt.EventDispatchThread.run(EventDispatchThread.java:90)
java.lang.ArrayIndexOutOfBoundsException: No such child: 12
	at java.desktop/java.awt.Container.getComponent(Container.java:354)
	at java.desktop/javax.swing.JMenu.getMenuComponent(JMenu.java:871)
	at java.desktop/javax.swing.JMenu.getItem(JMenu.java:766)
	at java.desktop/javax.swing.JMenu$AccessibleJMenu.isAccessibleChildSelected(JMenu.java:1552)
	at java.desktop/sun.lwawt.macosx.CAccessibility$9.call(CAccessibility.java:242)
	at java.desktop/sun.lwawt.macosx.CAccessibility$9.call(CAccessibility.java:234)
	at java.desktop/sun.lwawt.macosx.LWCToolkit$CallableWrapper.run(LWCToolkit.java:701)
	at java.desktop/java.awt.event.InvocationEvent.dispatch(InvocationEvent.java:308)
	at java.desktop/java.awt.EventQueue.dispatchEventImpl(EventQueue.java:773)
	at java.desktop/java.awt.EventQueue$4.run(EventQueue.java:720)
	at java.desktop/java.awt.EventQueue$4.run(EventQueue.java:714)
	at java.base/java.security.AccessController.doPrivileged(AccessController.java:400)
	at java.base/java.security.ProtectionDomain$JavaSecurityAccessImpl.doIntersectionPrivilege(ProtectionDomain.java:87)
	at java.base/java.security.ProtectionDomain$JavaSecurityAccessImpl.doIntersectionPrivilege(ProtectionDomain.java:98)
	at java.desktop/java.awt.EventQueue$5.run(EventQueue.java:747)
	at java.desktop/java.awt.EventQueue$5.run(EventQueue.java:745)
	at java.base/java.security.AccessController.doPrivileged(AccessController.java:400)
	at java.base/java.security.ProtectionDomain$JavaSecurityAccessImpl.doIntersectionPrivilege(ProtectionDomain.java:87)
	at java.desktop/java.awt.EventQueue.dispatchEvent(EventQueue.java:744)
	at java.desktop/java.awt.EventDispatchThread.pumpOneEventForFilters(EventDispatchThread.java:203)
	at java.desktop/java.awt.EventDispatchThread.pumpEventsForFilter(EventDispatchThread.java:124)
	at java.desktop/java.awt.EventDispatchThread.pumpEventsForHierarchy(EventDispatchThread.java:113)
	at java.desktop/java.awt.EventDispatchThread.pumpEvents(EventDispatchThread.java:109)
	at java.desktop/java.awt.EventDispatchThread.pumpEvents(EventDispatchThread.java:101)
	at java.desktop/java.awt.EventDispatchThread.run(EventDispatchThread.java:90)
PASS real writer event captured
PHASE later_state: Press Continue to reach the later bank-2 register fixture, then select the write in GBC Study > Writes and click Go to writer.
java.lang.ArrayIndexOutOfBoundsException: No such child: 13
	at java.desktop/java.awt.Container.getComponent(Container.java:354)
	at java.desktop/javax.swing.JMenu.getMenuComponent(JMenu.java:871)
	at java.desktop/javax.swing.JMenu.getItem(JMenu.java:766)
	at java.desktop/javax.swing.JMenu$AccessibleJMenu.isAccessibleChildSelected(JMenu.java:1552)
	at java.desktop/sun.lwawt.macosx.CAccessibility$9.call(CAccessibility.java:242)
	at java.desktop/sun.lwawt.macosx.CAccessibility$9.call(CAccessibility.java:234)
	at java.desktop/sun.lwawt.macosx.LWCToolkit$CallableWrapper.run(LWCToolkit.java:701)
	at java.desktop/java.awt.event.InvocationEvent.dispatch(InvocationEvent.java:308)
	at java.desktop/java.awt.EventQueue.dispatchEventImpl(EventQueue.java:773)
	at java.desktop/java.awt.EventQueue$4.run(EventQueue.java:720)
	at java.desktop/java.awt.EventQueue$4.run(EventQueue.java:714)
	at java.base/java.security.AccessController.doPrivileged(AccessController.java:400)
	at java.base/java.security.ProtectionDomain$JavaSecurityAccessImpl.doIntersectionPrivilege(ProtectionDomain.java:87)
	at java.base/java.security.ProtectionDomain$JavaSecurityAccessImpl.doIntersectionPrivilege(ProtectionDomain.java:98)
	at java.desktop/java.awt.EventQueue$5.run(EventQueue.java:747)
	at java.desktop/java.awt.EventQueue$5.run(EventQueue.java:745)
	at java.base/java.security.AccessController.doPrivileged(AccessController.java:400)
	at java.base/java.security.ProtectionDomain$JavaSecurityAccessImpl.doIntersectionPrivilege(ProtectionDomain.java:87)
	at java.desktop/java.awt.EventQueue.dispatchEvent(EventQueue.java:744)
	at java.desktop/java.awt.EventDispatchThread.pumpOneEventForFilters(EventDispatchThread.java:203)
	at java.desktop/java.awt.EventDispatchThread.pumpEventsForFilter(EventDispatchThread.java:124)
	at java.desktop/java.awt.EventDispatchThread.pumpEventsForHierarchy(EventDispatchThread.java:113)
	at java.desktop/java.awt.EventDispatchThread.pumpEvents(EventDispatchThread.java:109)
	at java.desktop/java.awt.EventDispatchThread.pumpEvents(EventDispatchThread.java:101)
	at java.desktop/java.awt.EventDispatchThread.run(EventDispatchThread.java:90)
java.lang.ArrayIndexOutOfBoundsException: No such child: 14
	at java.desktop/java.awt.Container.getComponent(Container.java:354)
	at java.desktop/javax.swing.JMenu.getMenuComponent(JMenu.java:871)
	at java.desktop/javax.swing.JMenu.getItem(JMenu.java:766)
	at java.desktop/javax.swing.JMenu$AccessibleJMenu.isAccessibleChildSelected(JMenu.java:1552)
	at java.desktop/sun.lwawt.macosx.CAccessibility$9.call(CAccessibility.java:242)
	at java.desktop/sun.lwawt.macosx.CAccessibility$9.call(CAccessibility.java:234)
	at java.desktop/sun.lwawt.macosx.LWCToolkit$CallableWrapper.run(LWCToolkit.java:701)
	at java.desktop/java.awt.event.InvocationEvent.dispatch(InvocationEvent.java:308)
	at java.desktop/java.awt.EventQueue.dispatchEventImpl(EventQueue.java:773)
	at java.desktop/java.awt.EventQueue$4.run(EventQueue.java:720)
	at java.desktop/java.awt.EventQueue$4.run(EventQueue.java:714)
	at java.base/java.security.AccessController.doPrivileged(AccessController.java:400)
	at java.base/java.security.ProtectionDomain$JavaSecurityAccessImpl.doIntersectionPrivilege(ProtectionDomain.java:87)
	at java.base/java.security.ProtectionDomain$JavaSecurityAccessImpl.doIntersectionPrivilege(ProtectionDomain.java:98)
	at java.desktop/java.awt.EventQueue$5.run(EventQueue.java:747)
	at java.desktop/java.awt.EventQueue$5.run(EventQueue.java:745)
	at java.base/java.security.AccessController.doPrivileged(AccessController.java:400)
	at java.base/java.security.ProtectionDomain$JavaSecurityAccessImpl.doIntersectionPrivilege(ProtectionDomain.java:87)
	at java.desktop/java.awt.EventQueue.dispatchEvent(EventQueue.java:744)
	at java.desktop/java.awt.EventDispatchThread.pumpOneEventForFilters(EventDispatchThread.java:203)
	at java.desktop/java.awt.EventDispatchThread.pumpEventsForFilter(EventDispatchThread.java:124)
	at java.desktop/java.awt.EventDispatchThread.pumpEventsForHierarchy(EventDispatchThread.java:113)
	at java.desktop/java.awt.EventDispatchThread.pumpEvents(EventDispatchThread.java:109)
	at java.desktop/java.awt.EventDispatchThread.pumpEvents(EventDispatchThread.java:101)
	at java.desktop/java.awt.EventDispatchThread.run(EventDispatchThread.java:90)
java.lang.ArrayIndexOutOfBoundsException: No such child: 15
	at java.desktop/java.awt.Container.getComponent(Container.java:354)
	at java.desktop/javax.swing.JMenu.getMenuComponent(JMenu.java:871)
	at java.desktop/javax.swing.JMenu.getItem(JMenu.java:766)
	at java.desktop/javax.swing.JMenu$AccessibleJMenu.isAccessibleChildSelected(JMenu.java:1552)
	at java.desktop/sun.lwawt.macosx.CAccessibility$9.call(CAccessibility.java:242)
	at java.desktop/sun.lwawt.macosx.CAccessibility$9.call(CAccessibility.java:234)
	at java.desktop/sun.lwawt.macosx.LWCToolkit$CallableWrapper.run(LWCToolkit.java:701)
	at java.desktop/java.awt.event.InvocationEvent.dispatch(InvocationEvent.java:308)
	at java.desktop/java.awt.EventQueue.dispatchEventImpl(EventQueue.java:773)
	at java.desktop/java.awt.EventQueue$4.run(EventQueue.java:720)
	at java.desktop/java.awt.EventQueue$4.run(EventQueue.java:714)
	at java.base/java.security.AccessController.doPrivileged(AccessController.java:400)
	at java.base/java.security.ProtectionDomain$JavaSecurityAccessImpl.doIntersectionPrivilege(ProtectionDomain.java:87)
	at java.base/java.security.ProtectionDomain$JavaSecurityAccessImpl.doIntersectionPrivilege(ProtectionDomain.java:98)
	at java.desktop/java.awt.EventQueue$5.run(EventQueue.java:747)
	at java.desktop/java.awt.EventQueue$5.run(EventQueue.java:745)
	at java.base/java.security.AccessController.doPrivileged(AccessController.java:400)
	at java.base/java.security.ProtectionDomain$JavaSecurityAccessImpl.doIntersectionPrivilege(ProtectionDomain.java:87)
	at java.desktop/java.awt.EventQueue.dispatchEvent(EventQueue.java:744)
	at java.desktop/java.awt.EventDispatchThread.pumpOneEventForFilters(EventDispatchThread.java:203)
	at java.desktop/java.awt.EventDispatchThread.pumpEventsForFilter(EventDispatchThread.java:124)
	at java.desktop/java.awt.EventDispatchThread.pumpEventsForHierarchy(EventDispatchThread.java:113)
	at java.desktop/java.awt.EventDispatchThread.pumpEvents(EventDispatchThread.java:109)
	at java.desktop/java.awt.EventDispatchThread.pumpEvents(EventDispatchThread.java:101)
	at java.desktop/java.awt.EventDispatchThread.run(EventDispatchThread.java:90)
java.lang.ArrayIndexOutOfBoundsException: No such child: 16
	at java.desktop/java.awt.Container.getComponent(Container.java:354)
	at java.desktop/javax.swing.JMenu.getMenuComponent(JMenu.java:871)
	at java.desktop/javax.swing.JMenu.getItem(JMenu.java:766)
	at java.desktop/javax.swing.JMenu$AccessibleJMenu.isAccessibleChildSelected(JMenu.java:1552)
	at java.desktop/sun.lwawt.macosx.CAccessibility$9.call(CAccessibility.java:242)
	at java.desktop/sun.lwawt.macosx.CAccessibility$9.call(CAccessibility.java:234)
	at java.desktop/sun.lwawt.macosx.LWCToolkit$CallableWrapper.run(LWCToolkit.java:701)
	at java.desktop/java.awt.event.InvocationEvent.dispatch(InvocationEvent.java:308)
	at java.desktop/java.awt.EventQueue.dispatchEventImpl(EventQueue.java:773)
	at java.desktop/java.awt.EventQueue$4.run(EventQueue.java:720)
	at java.desktop/java.awt.EventQueue$4.run(EventQueue.java:714)
	at java.base/java.security.AccessController.doPrivileged(AccessController.java:400)
	at java.base/java.security.ProtectionDomain$JavaSecurityAccessImpl.doIntersectionPrivilege(ProtectionDomain.java:87)
	at java.base/java.security.ProtectionDomain$JavaSecurityAccessImpl.doIntersectionPrivilege(ProtectionDomain.java:98)
	at java.desktop/java.awt.EventQueue$5.run(EventQueue.java:747)
	at java.desktop/java.awt.EventQueue$5.run(EventQueue.java:745)
	at java.base/java.security.AccessController.doPrivileged(AccessController.java:400)
	at java.base/java.security.ProtectionDomain$JavaSecurityAccessImpl.doIntersectionPrivilege(ProtectionDomain.java:87)
	at java.desktop/java.awt.EventQueue.dispatchEvent(EventQueue.java:744)
	at java.desktop/java.awt.EventDispatchThread.pumpOneEventForFilters(EventDispatchThread.java:203)
	at java.desktop/java.awt.EventDispatchThread.pumpEventsForFilter(EventDispatchThread.java:124)
	at java.desktop/java.awt.EventDispatchThread.pumpEventsForHierarchy(EventDispatchThread.java:113)
	at java.desktop/java.awt.EventDispatchThread.pumpEvents(EventDispatchThread.java:109)
	at java.desktop/java.awt.EventDispatchThread.pumpEvents(EventDispatchThread.java:101)
	at java.desktop/java.awt.EventDispatchThread.run(EventDispatchThread.java:90)
java.lang.ArrayIndexOutOfBoundsException: No such child: 18
	at java.desktop/java.awt.Container.getComponent(Container.java:354)
	at java.desktop/javax.swing.JMenu.getMenuComponent(JMenu.java:871)
	at java.desktop/javax.swing.JMenu.getItem(JMenu.java:766)
	at java.desktop/javax.swing.JMenu$AccessibleJMenu.isAccessibleChildSelected(JMenu.java:1552)
	at java.desktop/sun.lwawt.macosx.CAccessibility$9.call(CAccessibility.java:242)
	at java.desktop/sun.lwawt.macosx.CAccessibility$9.call(CAccessibility.java:234)
	at java.desktop/sun.lwawt.macosx.LWCToolkit$CallableWrapper.run(LWCToolkit.java:701)
	at java.desktop/java.awt.event.InvocationEvent.dispatch(InvocationEvent.java:308)
	at java.desktop/java.awt.EventQueue.dispatchEventImpl(EventQueue.java:773)
	at java.desktop/java.awt.EventQueue$4.run(EventQueue.java:720)
	at java.desktop/java.awt.EventQueue$4.run(EventQueue.java:714)
	at java.base/java.security.AccessController.doPrivileged(AccessController.java:400)
	at java.base/java.security.ProtectionDomain$JavaSecurityAccessImpl.doIntersectionPrivilege(ProtectionDomain.java:87)
	at java.base/java.security.ProtectionDomain$JavaSecurityAccessImpl.doIntersectionPrivilege(ProtectionDomain.java:98)
	at java.desktop/java.awt.EventQueue$5.run(EventQueue.java:747)
	at java.desktop/java.awt.EventQueue$5.run(EventQueue.java:745)
	at java.base/java.security.AccessController.doPrivileged(AccessController.java:400)
	at java.base/java.security.ProtectionDomain$JavaSecurityAccessImpl.doIntersectionPrivilege(ProtectionDomain.java:87)
	at java.desktop/java.awt.EventQueue.dispatchEvent(EventQueue.java:744)
	at java.desktop/java.awt.EventDispatchThread.pumpOneEventForFilters(EventDispatchThread.java:203)
	at java.desktop/java.awt.EventDispatchThread.pumpEventsForFilter(EventDispatchThread.java:124)
	at java.desktop/java.awt.EventDispatchThread.pumpEventsForHierarchy(EventDispatchThread.java:113)
	at java.desktop/java.awt.EventDispatchThread.pumpEvents(EventDispatchThread.java:109)
	at java.desktop/java.awt.EventDispatchThread.pumpEvents(EventDispatchThread.java:101)
	at java.desktop/java.awt.EventDispatchThread.run(EventDispatchThread.java:90)
java.lang.ArrayIndexOutOfBoundsException: No such child: 19
	at java.desktop/java.awt.Container.getComponent(Container.java:354)
	at java.desktop/javax.swing.JMenu.getMenuComponent(JMenu.java:871)
	at java.desktop/javax.swing.JMenu.getItem(JMenu.java:766)
	at java.desktop/javax.swing.JMenu$AccessibleJMenu.isAccessibleChildSelected(JMenu.java:1552)
	at java.desktop/sun.lwawt.macosx.CAccessibility$9.call(CAccessibility.java:242)
	at java.desktop/sun.lwawt.macosx.CAccessibility$9.call(CAccessibility.java:234)
	at java.desktop/sun.lwawt.macosx.LWCToolkit$CallableWrapper.run(LWCToolkit.java:701)
	at java.desktop/java.awt.event.InvocationEvent.dispatch(InvocationEvent.java:308)
	at java.desktop/java.awt.EventQueue.dispatchEventImpl(EventQueue.java:773)
	at java.desktop/java.awt.EventQueue$4.run(EventQueue.java:720)
	at java.desktop/java.awt.EventQueue$4.run(EventQueue.java:714)
	at java.base/java.security.AccessController.doPrivileged(AccessController.java:400)
	at java.base/java.security.ProtectionDomain$JavaSecurityAccessImpl.doIntersectionPrivilege(ProtectionDomain.java:87)
	at java.base/java.security.ProtectionDomain$JavaSecurityAccessImpl.doIntersectionPrivilege(ProtectionDomain.java:98)
	at java.desktop/java.awt.EventQueue$5.run(EventQueue.java:747)
	at java.desktop/java.awt.EventQueue$5.run(EventQueue.java:745)
	at java.base/java.security.AccessController.doPrivileged(AccessController.java:400)
	at java.base/java.security.ProtectionDomain$JavaSecurityAccessImpl.doIntersectionPrivilege(ProtectionDomain.java:87)
	at java.desktop/java.awt.EventQueue.dispatchEvent(EventQueue.java:744)
	at java.desktop/java.awt.EventDispatchThread.pumpOneEventForFilters(EventDispatchThread.java:203)
	at java.desktop/java.awt.EventDispatchThread.pumpEventsForFilter(EventDispatchThread.java:124)
	at java.desktop/java.awt.EventDispatchThread.pumpEventsForHierarchy(EventDispatchThread.java:113)
	at java.desktop/java.awt.EventDispatchThread.pumpEvents(EventDispatchThread.java:109)
	at java.desktop/java.awt.EventDispatchThread.pumpEvents(EventDispatchThread.java:101)
	at java.desktop/java.awt.EventDispatchThread.run(EventDispatchThread.java:90)
java.lang.ArrayIndexOutOfBoundsException: No such child: 20
	at java.desktop/java.awt.Container.getComponent(Container.java:354)
	at java.desktop/javax.swing.JMenu.getMenuComponent(JMenu.java:871)
	at java.desktop/javax.swing.JMenu.getItem(JMenu.java:766)
	at java.desktop/javax.swing.JMenu$AccessibleJMenu.isAccessibleChildSelected(JMenu.java:1552)
	at java.desktop/sun.lwawt.macosx.CAccessibility$9.call(CAccessibility.java:242)
	at java.desktop/sun.lwawt.macosx.CAccessibility$9.call(CAccessibility.java:234)
	at java.desktop/sun.lwawt.macosx.LWCToolkit$CallableWrapper.run(LWCToolkit.java:701)
	at java.desktop/java.awt.event.InvocationEvent.dispatch(InvocationEvent.java:308)
	at java.desktop/java.awt.EventQueue.dispatchEventImpl(EventQueue.java:773)
	at java.desktop/java.awt.EventQueue$4.run(EventQueue.java:720)
	at java.desktop/java.awt.EventQueue$4.run(EventQueue.java:714)
	at java.base/java.security.AccessController.doPrivileged(AccessController.java:400)
	at java.base/java.security.ProtectionDomain$JavaSecurityAccessImpl.doIntersectionPrivilege(ProtectionDomain.java:87)
	at java.base/java.security.ProtectionDomain$JavaSecurityAccessImpl.doIntersectionPrivilege(ProtectionDomain.java:98)
	at java.desktop/java.awt.EventQueue$5.run(EventQueue.java:747)
	at java.desktop/java.awt.EventQueue$5.run(EventQueue.java:745)
	at java.base/java.security.AccessController.doPrivileged(AccessController.java:400)
	at java.base/java.security.ProtectionDomain$JavaSecurityAccessImpl.doIntersectionPrivilege(ProtectionDomain.java:87)
	at java.desktop/java.awt.EventQueue.dispatchEvent(EventQueue.java:744)
	at java.desktop/java.awt.EventDispatchThread.pumpOneEventForFilters(EventDispatchThread.java:203)
	at java.desktop/java.awt.EventDispatchThread.pumpEventsForFilter(EventDispatchThread.java:124)
	at java.desktop/java.awt.EventDispatchThread.pumpEventsForHierarchy(EventDispatchThread.java:113)
	at java.desktop/java.awt.EventDispatchThread.pumpEvents(EventDispatchThread.java:109)
	at java.desktop/java.awt.EventDispatchThread.pumpEvents(EventDispatchThread.java:101)
	at java.desktop/java.awt.EventDispatchThread.run(EventDispatchThread.java:90)
java.lang.ArrayIndexOutOfBoundsException: No such child: 10
	at java.desktop/java.awt.Container.getComponent(Container.java:354)
	at java.desktop/javax.swing.JMenu.getMenuComponent(JMenu.java:871)
	at java.desktop/javax.swing.JMenu.getItem(JMenu.java:766)
	at java.desktop/javax.swing.JMenu$AccessibleJMenu.isAccessibleChildSelected(JMenu.java:1552)
	at java.desktop/sun.lwawt.macosx.CAccessibility$9.call(CAccessibility.java:242)
	at java.desktop/sun.lwawt.macosx.CAccessibility$9.call(CAccessibility.java:234)
	at java.desktop/sun.lwawt.macosx.LWCToolkit$CallableWrapper.run(LWCToolkit.java:701)
	at java.desktop/java.awt.event.InvocationEvent.dispatch(InvocationEvent.java:308)
	at java.desktop/java.awt.EventQueue.dispatchEventImpl(EventQueue.java:773)
	at java.desktop/java.awt.EventQueue$4.run(EventQueue.java:720)
	at java.desktop/java.awt.EventQueue$4.run(EventQueue.java:714)
	at java.base/java.security.AccessController.doPrivileged(AccessController.java:400)
	at java.base/java.security.ProtectionDomain$JavaSecurityAccessImpl.doIntersectionPrivilege(ProtectionDomain.java:87)
	at java.base/java.security.ProtectionDomain$JavaSecurityAccessImpl.doIntersectionPrivilege(ProtectionDomain.java:98)
	at java.desktop/java.awt.EventQueue$5.run(EventQueue.java:747)
	at java.desktop/java.awt.EventQueue$5.run(EventQueue.java:745)
	at java.base/java.security.AccessController.doPrivileged(AccessController.java:400)
	at java.base/java.security.ProtectionDomain$JavaSecurityAccessImpl.doIntersectionPrivilege(ProtectionDomain.java:87)
	at java.desktop/java.awt.EventQueue.dispatchEvent(EventQueue.java:744)
	at java.desktop/java.awt.EventDispatchThread.pumpOneEventForFilters(EventDispatchThread.java:203)
	at java.desktop/java.awt.EventDispatchThread.pumpEventsForFilter(EventDispatchThread.java:124)
	at java.desktop/java.awt.EventDispatchThread.pumpEventsForHierarchy(EventDispatchThread.java:113)
	at java.desktop/java.awt.EventDispatchThread.pumpEvents(EventDispatchThread.java:109)
	at java.desktop/java.awt.EventDispatchThread.pumpEvents(EventDispatchThread.java:101)
	at java.desktop/java.awt.EventDispatchThread.run(EventDispatchThread.java:90)
java.lang.ArrayIndexOutOfBoundsException: No such child: 11
	at java.desktop/java.awt.Container.getComponent(Container.java:354)
	at java.desktop/javax.swing.JMenu.getMenuComponent(JMenu.java:871)
	at java.desktop/javax.swing.JMenu.getItem(JMenu.java:766)
	at java.desktop/javax.swing.JMenu$AccessibleJMenu.isAccessibleChildSelected(JMenu.java:1552)
	at java.desktop/sun.lwawt.macosx.CAccessibility$9.call(CAccessibility.java:242)
	at java.desktop/sun.lwawt.macosx.CAccessibility$9.call(CAccessibility.java:234)
	at java.desktop/sun.lwawt.macosx.LWCToolkit$CallableWrapper.run(LWCToolkit.java:701)
	at java.desktop/java.awt.event.InvocationEvent.dispatch(InvocationEvent.java:308)
	at java.desktop/java.awt.EventQueue.dispatchEventImpl(EventQueue.java:773)
	at java.desktop/java.awt.EventQueue$4.run(EventQueue.java:720)
	at java.desktop/java.awt.EventQueue$4.run(EventQueue.java:714)
	at java.base/java.security.AccessController.doPrivileged(AccessController.java:400)
	at java.base/java.security.ProtectionDomain$JavaSecurityAccessImpl.doIntersectionPrivilege(ProtectionDomain.java:87)
	at java.base/java.security.ProtectionDomain$JavaSecurityAccessImpl.doIntersectionPrivilege(ProtectionDomain.java:98)
	at java.desktop/java.awt.EventQueue$5.run(EventQueue.java:747)
	at java.desktop/java.awt.EventQueue$5.run(EventQueue.java:745)
	at java.base/java.security.AccessController.doPrivileged(AccessController.java:400)
	at java.base/java.security.ProtectionDomain$JavaSecurityAccessImpl.doIntersectionPrivilege(ProtectionDomain.java:87)
	at java.desktop/java.awt.EventQueue.dispatchEvent(EventQueue.java:744)
	at java.desktop/java.awt.EventDispatchThread.pumpOneEventForFilters(EventDispatchThread.java:203)
	at java.desktop/java.awt.EventDispatchThread.pumpEventsForFilter(EventDispatchThread.java:124)
	at java.desktop/java.awt.EventDispatchThread.pumpEventsForHierarchy(EventDispatchThread.java:113)
	at java.desktop/java.awt.EventDispatchThread.pumpEvents(EventDispatchThread.java:109)
	at java.desktop/java.awt.EventDispatchThread.pumpEvents(EventDispatchThread.java:101)
	at java.desktop/java.awt.EventDispatchThread.run(EventDispatchThread.java:90)
java.lang.ArrayIndexOutOfBoundsException: No such child: 12
	at java.desktop/java.awt.Container.getComponent(Container.java:354)
	at java.desktop/javax.swing.JMenu.getMenuComponent(JMenu.java:871)
	at java.desktop/javax.swing.JMenu.getItem(JMenu.java:766)
	at java.desktop/javax.swing.JMenu$AccessibleJMenu.isAccessibleChildSelected(JMenu.java:1552)
	at java.desktop/sun.lwawt.macosx.CAccessibility$9.call(CAccessibility.java:242)
	at java.desktop/sun.lwawt.macosx.CAccessibility$9.call(CAccessibility.java:234)
	at java.desktop/sun.lwawt.macosx.LWCToolkit$CallableWrapper.run(LWCToolkit.java:701)
	at java.desktop/java.awt.event.InvocationEvent.dispatch(InvocationEvent.java:308)
	at java.desktop/java.awt.EventQueue.dispatchEventImpl(EventQueue.java:773)
	at java.desktop/java.awt.EventQueue$4.run(EventQueue.java:720)
	at java.desktop/java.awt.EventQueue$4.run(EventQueue.java:714)
	at java.base/java.security.AccessController.doPrivileged(AccessController.java:400)
	at java.base/java.security.ProtectionDomain$JavaSecurityAccessImpl.doIntersectionPrivilege(ProtectionDomain.java:87)
	at java.base/java.security.ProtectionDomain$JavaSecurityAccessImpl.doIntersectionPrivilege(ProtectionDomain.java:98)
	at java.desktop/java.awt.EventQueue$5.run(EventQueue.java:747)
	at java.desktop/java.awt.EventQueue$5.run(EventQueue.java:745)
	at java.base/java.security.AccessController.doPrivileged(AccessController.java:400)
	at java.base/java.security.ProtectionDomain$JavaSecurityAccessImpl.doIntersectionPrivilege(ProtectionDomain.java:87)
	at java.desktop/java.awt.EventQueue.dispatchEvent(EventQueue.java:744)
	at java.desktop/java.awt.EventDispatchThread.pumpOneEventForFilters(EventDispatchThread.java:203)
	at java.desktop/java.awt.EventDispatchThread.pumpEventsForFilter(EventDispatchThread.java:124)
	at java.desktop/java.awt.EventDispatchThread.pumpEventsForHierarchy(EventDispatchThread.java:113)
	at java.desktop/java.awt.EventDispatchThread.pumpEvents(EventDispatchThread.java:109)
	at java.desktop/java.awt.EventDispatchThread.pumpEvents(EventDispatchThread.java:101)
	at java.desktop/java.awt.EventDispatchThread.run(EventDispatchThread.java:90)
PASS later bank state reached
java.lang.ArrayIndexOutOfBoundsException: No such child: 13
	at java.desktop/java.awt.Container.getComponent(Container.java:354)
	at java.desktop/javax.swing.JMenu.getMenuComponent(JMenu.java:871)
	at java.desktop/javax.swing.JMenu.getItem(JMenu.java:766)
	at java.desktop/javax.swing.JMenu$AccessibleJMenu.isAccessibleChildSelected(JMenu.java:1552)
	at java.desktop/sun.lwawt.macosx.CAccessibility$9.call(CAccessibility.java:242)
	at java.desktop/sun.lwawt.macosx.CAccessibility$9.call(CAccessibility.java:234)
	at java.desktop/sun.lwawt.macosx.LWCToolkit$CallableWrapper.run(LWCToolkit.java:701)
	at java.desktop/java.awt.event.InvocationEvent.dispatch(InvocationEvent.java:308)
	at java.desktop/java.awt.EventQueue.dispatchEventImpl(EventQueue.java:773)
	at java.desktop/java.awt.EventQueue$4.run(EventQueue.java:720)
	at java.desktop/java.awt.EventQueue$4.run(EventQueue.java:714)
	at java.base/java.security.AccessController.doPrivileged(AccessController.java:400)
	at java.base/java.security.ProtectionDomain$JavaSecurityAccessImpl.doIntersectionPrivilege(ProtectionDomain.java:87)
	at java.base/java.security.ProtectionDomain$JavaSecurityAccessImpl.doIntersectionPrivilege(ProtectionDomain.java:98)
	at java.desktop/java.awt.EventQueue$5.run(EventQueue.java:747)
	at java.desktop/java.awt.EventQueue$5.run(EventQueue.java:745)
	at java.base/java.security.AccessController.doPrivileged(AccessController.java:400)
	at java.base/java.security.ProtectionDomain$JavaSecurityAccessImpl.doIntersectionPrivilege(ProtectionDomain.java:87)
	at java.desktop/java.awt.EventQueue.dispatchEvent(EventQueue.java:744)
	at java.desktop/java.awt.EventDispatchThread.pumpOneEventForFilters(EventDispatchThread.java:203)
	at java.desktop/java.awt.EventDispatchThread.pumpEventsForFilter(EventDispatchThread.java:124)
	at java.desktop/java.awt.EventDispatchThread.pumpEventsForHierarchy(EventDispatchThread.java:113)
	at java.desktop/java.awt.EventDispatchThread.pumpEvents(EventDispatchThread.java:109)
	at java.desktop/java.awt.EventDispatchThread.pumpEvents(EventDispatchThread.java:101)
	at java.desktop/java.awt.EventDispatchThread.run(EventDispatchThread.java:90)
java.lang.ArrayIndexOutOfBoundsException: No such child: 14
	at java.desktop/java.awt.Container.getComponent(Container.java:354)
	at java.desktop/javax.swing.JMenu.getMenuComponent(JMenu.java:871)
	at java.desktop/javax.swing.JMenu.getItem(JMenu.java:766)
	at java.desktop/javax.swing.JMenu$AccessibleJMenu.isAccessibleChildSelected(JMenu.java:1552)
	at java.desktop/sun.lwawt.macosx.CAccessibility$9.call(CAccessibility.java:242)
	at java.desktop/sun.lwawt.macosx.CAccessibility$9.call(CAccessibility.java:234)
	at java.desktop/sun.lwawt.macosx.LWCToolkit$CallableWrapper.run(LWCToolkit.java:701)
	at java.desktop/java.awt.event.InvocationEvent.dispatch(InvocationEvent.java:308)
	at java.desktop/java.awt.EventQueue.dispatchEventImpl(EventQueue.java:773)
	at java.desktop/java.awt.EventQueue$4.run(EventQueue.java:720)
	at java.desktop/java.awt.EventQueue$4.run(EventQueue.java:714)
	at java.base/java.security.AccessController.doPrivileged(AccessController.java:400)
	at java.base/java.security.ProtectionDomain$JavaSecurityAccessImpl.doIntersectionPrivilege(ProtectionDomain.java:87)
	at java.base/java.security.ProtectionDomain$JavaSecurityAccessImpl.doIntersectionPrivilege(ProtectionDomain.java:98)
	at java.desktop/java.awt.EventQueue$5.run(EventQueue.java:747)
	at java.desktop/java.awt.EventQueue$5.run(EventQueue.java:745)
	at java.base/java.security.AccessController.doPrivileged(AccessController.java:400)
	at java.base/java.security.ProtectionDomain$JavaSecurityAccessImpl.doIntersectionPrivilege(ProtectionDomain.java:87)
	at java.desktop/java.awt.EventQueue.dispatchEvent(EventQueue.java:744)
	at java.desktop/java.awt.EventDispatchThread.pumpOneEventForFilters(EventDispatchThread.java:203)
	at java.desktop/java.awt.EventDispatchThread.pumpEventsForFilter(EventDispatchThread.java:124)
	at java.desktop/java.awt.EventDispatchThread.pumpEventsForHierarchy(EventDispatchThread.java:113)
	at java.desktop/java.awt.EventDispatchThread.pumpEvents(EventDispatchThread.java:109)
	at java.desktop/java.awt.EventDispatchThread.pumpEvents(EventDispatchThread.java:101)
	at java.desktop/java.awt.EventDispatchThread.run(EventDispatchThread.java:90)
java.lang.ArrayIndexOutOfBoundsException: No such child: 15
	at java.desktop/java.awt.Container.getComponent(Container.java:354)
	at java.desktop/javax.swing.JMenu.getMenuComponent(JMenu.java:871)
	at java.desktop/javax.swing.JMenu.getItem(JMenu.java:766)
	at java.desktop/javax.swing.JMenu$AccessibleJMenu.isAccessibleChildSelected(JMenu.java:1552)
	at java.desktop/sun.lwawt.macosx.CAccessibility$9.call(CAccessibility.java:242)
	at java.desktop/sun.lwawt.macosx.CAccessibility$9.call(CAccessibility.java:234)
	at java.desktop/sun.lwawt.macosx.LWCToolkit$CallableWrapper.run(LWCToolkit.java:701)
	at java.desktop/java.awt.event.InvocationEvent.dispatch(InvocationEvent.java:308)
	at java.desktop/java.awt.EventQueue.dispatchEventImpl(EventQueue.java:773)
	at java.desktop/java.awt.EventQueue$4.run(EventQueue.java:720)
	at java.desktop/java.awt.EventQueue$4.run(EventQueue.java:714)
	at java.base/java.security.AccessController.doPrivileged(AccessController.java:400)
	at java.base/java.security.ProtectionDomain$JavaSecurityAccessImpl.doIntersectionPrivilege(ProtectionDomain.java:87)
	at java.base/java.security.ProtectionDomain$JavaSecurityAccessImpl.doIntersectionPrivilege(ProtectionDomain.java:98)
	at java.desktop/java.awt.EventQueue$5.run(EventQueue.java:747)
	at java.desktop/java.awt.EventQueue$5.run(EventQueue.java:745)
	at java.base/java.security.AccessController.doPrivileged(AccessController.java:400)
	at java.base/java.security.ProtectionDomain$JavaSecurityAccessImpl.doIntersectionPrivilege(ProtectionDomain.java:87)
	at java.desktop/java.awt.EventQueue.dispatchEvent(EventQueue.java:744)
	at java.desktop/java.awt.EventDispatchThread.pumpOneEventForFilters(EventDispatchThread.java:203)
	at java.desktop/java.awt.EventDispatchThread.pumpEventsForFilter(EventDispatchThread.java:124)
	at java.desktop/java.awt.EventDispatchThread.pumpEventsForHierarchy(EventDispatchThread.java:113)
	at java.desktop/java.awt.EventDispatchThread.pumpEvents(EventDispatchThread.java:109)
	at java.desktop/java.awt.EventDispatchThread.pumpEvents(EventDispatchThread.java:101)
	at java.desktop/java.awt.EventDispatchThread.run(EventDispatchThread.java:90)
java.lang.ArrayIndexOutOfBoundsException: No such child: 16
	at java.desktop/java.awt.Container.getComponent(Container.java:354)
	at java.desktop/javax.swing.JMenu.getMenuComponent(JMenu.java:871)
	at java.desktop/javax.swing.JMenu.getItem(JMenu.java:766)
	at java.desktop/javax.swing.JMenu$AccessibleJMenu.isAccessibleChildSelected(JMenu.java:1552)
	at java.desktop/sun.lwawt.macosx.CAccessibility$9.call(CAccessibility.java:242)
	at java.desktop/sun.lwawt.macosx.CAccessibility$9.call(CAccessibility.java:234)
	at java.desktop/sun.lwawt.macosx.LWCToolkit$CallableWrapper.run(LWCToolkit.java:701)
	at java.desktop/java.awt.event.InvocationEvent.dispatch(InvocationEvent.java:308)
	at java.desktop/java.awt.EventQueue.dispatchEventImpl(EventQueue.java:773)
	at java.desktop/java.awt.EventQueue$4.run(EventQueue.java:720)
	at java.desktop/java.awt.EventQueue$4.run(EventQueue.java:714)
	at java.base/java.security.AccessController.doPrivileged(AccessController.java:400)
	at java.base/java.security.ProtectionDomain$JavaSecurityAccessImpl.doIntersectionPrivilege(ProtectionDomain.java:87)
	at java.base/java.security.ProtectionDomain$JavaSecurityAccessImpl.doIntersectionPrivilege(ProtectionDomain.java:98)
	at java.desktop/java.awt.EventQueue$5.run(EventQueue.java:747)
	at java.desktop/java.awt.EventQueue$5.run(EventQueue.java:745)
	at java.base/java.security.AccessController.doPrivileged(AccessController.java:400)
	at java.base/java.security.ProtectionDomain$JavaSecurityAccessImpl.doIntersectionPrivilege(ProtectionDomain.java:87)
	at java.desktop/java.awt.EventQueue.dispatchEvent(EventQueue.java:744)
	at java.desktop/java.awt.EventDispatchThread.pumpOneEventForFilters(EventDispatchThread.java:203)
	at java.desktop/java.awt.EventDispatchThread.pumpEventsForFilter(EventDispatchThread.java:124)
	at java.desktop/java.awt.EventDispatchThread.pumpEventsForHierarchy(EventDispatchThread.java:113)
	at java.desktop/java.awt.EventDispatchThread.pumpEvents(EventDispatchThread.java:109)
	at java.desktop/java.awt.EventDispatchThread.pumpEvents(EventDispatchThread.java:101)
	at java.desktop/java.awt.EventDispatchThread.run(EventDispatchThread.java:90)
java.lang.ArrayIndexOutOfBoundsException: No such child: 18
	at java.desktop/java.awt.Container.getComponent(Container.java:354)
	at java.desktop/javax.swing.JMenu.getMenuComponent(JMenu.java:871)
	at java.desktop/javax.swing.JMenu.getItem(JMenu.java:766)
	at java.desktop/javax.swing.JMenu$AccessibleJMenu.isAccessibleChildSelected(JMenu.java:1552)
	at java.desktop/sun.lwawt.macosx.CAccessibility$9.call(CAccessibility.java:242)
	at java.desktop/sun.lwawt.macosx.CAccessibility$9.call(CAccessibility.java:234)
	at java.desktop/sun.lwawt.macosx.LWCToolkit$CallableWrapper.run(LWCToolkit.java:701)
	at java.desktop/java.awt.event.InvocationEvent.dispatch(InvocationEvent.java:308)
	at java.desktop/java.awt.EventQueue.dispatchEventImpl(EventQueue.java:773)
	at java.desktop/java.awt.EventQueue$4.run(EventQueue.java:720)
	at java.desktop/java.awt.EventQueue$4.run(EventQueue.java:714)
	at java.base/java.security.AccessController.doPrivileged(AccessController.java:400)
	at java.base/java.security.ProtectionDomain$JavaSecurityAccessImpl.doIntersectionPrivilege(ProtectionDomain.java:87)
	at java.base/java.security.ProtectionDomain$JavaSecurityAccessImpl.doIntersectionPrivilege(ProtectionDomain.java:98)
	at java.desktop/java.awt.EventQueue$5.run(EventQueue.java:747)
	at java.desktop/java.awt.EventQueue$5.run(EventQueue.java:745)
	at java.base/java.security.AccessController.doPrivileged(AccessController.java:400)
	at java.base/java.security.ProtectionDomain$JavaSecurityAccessImpl.doIntersectionPrivilege(ProtectionDomain.java:87)
	at java.desktop/java.awt.EventQueue.dispatchEvent(EventQueue.java:744)
	at java.desktop/java.awt.EventDispatchThread.pumpOneEventForFilters(EventDispatchThread.java:203)
	at java.desktop/java.awt.EventDispatchThread.pumpEventsForFilter(EventDispatchThread.java:124)
	at java.desktop/java.awt.EventDispatchThread.pumpEventsForHierarchy(EventDispatchThread.java:113)
	at java.desktop/java.awt.EventDispatchThread.pumpEvents(EventDispatchThread.java:109)
	at java.desktop/java.awt.EventDispatchThread.pumpEvents(EventDispatchThread.java:101)
	at java.desktop/java.awt.EventDispatchThread.run(EventDispatchThread.java:90)
java.lang.ArrayIndexOutOfBoundsException: No such child: 19
	at java.desktop/java.awt.Container.getComponent(Container.java:354)
	at java.desktop/javax.swing.JMenu.getMenuComponent(JMenu.java:871)
	at java.desktop/javax.swing.JMenu.getItem(JMenu.java:766)
	at java.desktop/javax.swing.JMenu$AccessibleJMenu.isAccessibleChildSelected(JMenu.java:1552)
	at java.desktop/sun.lwawt.macosx.CAccessibility$9.call(CAccessibility.java:242)
	at java.desktop/sun.lwawt.macosx.CAccessibility$9.call(CAccessibility.java:234)
	at java.desktop/sun.lwawt.macosx.LWCToolkit$CallableWrapper.run(LWCToolkit.java:701)
	at java.desktop/java.awt.event.InvocationEvent.dispatch(InvocationEvent.java:308)
	at java.desktop/java.awt.EventQueue.dispatchEventImpl(EventQueue.java:773)
	at java.desktop/java.awt.EventQueue$4.run(EventQueue.java:720)
	at java.desktop/java.awt.EventQueue$4.run(EventQueue.java:714)
	at java.base/java.security.AccessController.doPrivileged(AccessController.java:400)
	at java.base/java.security.ProtectionDomain$JavaSecurityAccessImpl.doIntersectionPrivilege(ProtectionDomain.java:87)
	at java.base/java.security.ProtectionDomain$JavaSecurityAccessImpl.doIntersectionPrivilege(ProtectionDomain.java:98)
	at java.desktop/java.awt.EventQueue$5.run(EventQueue.java:747)
	at java.desktop/java.awt.EventQueue$5.run(EventQueue.java:745)
	at java.base/java.security.AccessController.doPrivileged(AccessController.java:400)
	at java.base/java.security.ProtectionDomain$JavaSecurityAccessImpl.doIntersectionPrivilege(ProtectionDomain.java:87)
	at java.desktop/java.awt.EventQueue.dispatchEvent(EventQueue.java:744)
	at java.desktop/java.awt.EventDispatchThread.pumpOneEventForFilters(EventDispatchThread.java:203)
	at java.desktop/java.awt.EventDispatchThread.pumpEventsForFilter(EventDispatchThread.java:124)
	at java.desktop/java.awt.EventDispatchThread.pumpEventsForHierarchy(EventDispatchThread.java:113)
	at java.desktop/java.awt.EventDispatchThread.pumpEvents(EventDispatchThread.java:109)
	at java.desktop/java.awt.EventDispatchThread.pumpEvents(EventDispatchThread.java:101)
	at java.desktop/java.awt.EventDispatchThread.run(EventDispatchThread.java:90)
java.lang.ArrayIndexOutOfBoundsException: No such child: 20
	at java.desktop/java.awt.Container.getComponent(Container.java:354)
	at java.desktop/javax.swing.JMenu.getMenuComponent(JMenu.java:871)
	at java.desktop/javax.swing.JMenu.getItem(JMenu.java:766)
	at java.desktop/javax.swing.JMenu$AccessibleJMenu.isAccessibleChildSelected(JMenu.java:1552)
	at java.desktop/sun.lwawt.macosx.CAccessibility$9.call(CAccessibility.java:242)
	at java.desktop/sun.lwawt.macosx.CAccessibility$9.call(CAccessibility.java:234)
	at java.desktop/sun.lwawt.macosx.LWCToolkit$CallableWrapper.run(LWCToolkit.java:701)
	at java.desktop/java.awt.event.InvocationEvent.dispatch(InvocationEvent.java:308)
	at java.desktop/java.awt.EventQueue.dispatchEventImpl(EventQueue.java:773)
	at java.desktop/java.awt.EventQueue$4.run(EventQueue.java:720)
	at java.desktop/java.awt.EventQueue$4.run(EventQueue.java:714)
	at java.base/java.security.AccessController.doPrivileged(AccessController.java:400)
	at java.base/java.security.ProtectionDomain$JavaSecurityAccessImpl.doIntersectionPrivilege(ProtectionDomain.java:87)
	at java.base/java.security.ProtectionDomain$JavaSecurityAccessImpl.doIntersectionPrivilege(ProtectionDomain.java:98)
	at java.desktop/java.awt.EventQueue$5.run(EventQueue.java:747)
	at java.desktop/java.awt.EventQueue$5.run(EventQueue.java:745)
	at java.base/java.security.AccessController.doPrivileged(AccessController.java:400)
	at java.base/java.security.ProtectionDomain$JavaSecurityAccessImpl.doIntersectionPrivilege(ProtectionDomain.java:87)
	at java.desktop/java.awt.EventQueue.dispatchEvent(EventQueue.java:744)
	at java.desktop/java.awt.EventDispatchThread.pumpOneEventForFilters(EventDispatchThread.java:203)
	at java.desktop/java.awt.EventDispatchThread.pumpEventsForFilter(EventDispatchThread.java:124)
	at java.desktop/java.awt.EventDispatchThread.pumpEventsForHierarchy(EventDispatchThread.java:113)
	at java.desktop/java.awt.EventDispatchThread.pumpEvents(EventDispatchThread.java:109)
	at java.desktop/java.awt.EventDispatchThread.pumpEvents(EventDispatchThread.java:101)
	at java.desktop/java.awt.EventDispatchThread.run(EventDispatchThread.java:90)
java.lang.ArrayIndexOutOfBoundsException: No such child: 10
	at java.desktop/java.awt.Container.getComponent(Container.java:354)
	at java.desktop/javax.swing.JMenu.getMenuComponent(JMenu.java:871)
	at java.desktop/javax.swing.JMenu.getItem(JMenu.java:766)
	at java.desktop/javax.swing.JMenu$AccessibleJMenu.isAccessibleChildSelected(JMenu.java:1552)
	at java.desktop/sun.lwawt.macosx.CAccessibility$9.call(CAccessibility.java:242)
	at java.desktop/sun.lwawt.macosx.CAccessibility$9.call(CAccessibility.java:234)
	at java.desktop/sun.lwawt.macosx.LWCToolkit$CallableWrapper.run(LWCToolkit.java:701)
	at java.desktop/java.awt.event.InvocationEvent.dispatch(InvocationEvent.java:308)
	at java.desktop/java.awt.EventQueue.dispatchEventImpl(EventQueue.java:773)
	at java.desktop/java.awt.EventQueue$4.run(EventQueue.java:720)
	at java.desktop/java.awt.EventQueue$4.run(EventQueue.java:714)
	at java.base/java.security.AccessController.doPrivileged(AccessController.java:400)
	at java.base/java.security.ProtectionDomain$JavaSecurityAccessImpl.doIntersectionPrivilege(ProtectionDomain.java:87)
	at java.base/java.security.ProtectionDomain$JavaSecurityAccessImpl.doIntersectionPrivilege(ProtectionDomain.java:98)
	at java.desktop/java.awt.EventQueue$5.run(EventQueue.java:747)
	at java.desktop/java.awt.EventQueue$5.run(EventQueue.java:745)
	at java.base/java.security.AccessController.doPrivileged(AccessController.java:400)
	at java.base/java.security.ProtectionDomain$JavaSecurityAccessImpl.doIntersectionPrivilege(ProtectionDomain.java:87)
	at java.desktop/java.awt.EventQueue.dispatchEvent(EventQueue.java:744)
	at java.desktop/java.awt.EventDispatchThread.pumpOneEventForFilters(EventDispatchThread.java:203)
	at java.desktop/java.awt.EventDispatchThread.pumpEventsForFilter(EventDispatchThread.java:124)
	at java.desktop/java.awt.EventDispatchThread.pumpEventsForHierarchy(EventDispatchThread.java:113)
	at java.desktop/java.awt.EventDispatchThread.pumpEvents(EventDispatchThread.java:109)
	at java.desktop/java.awt.EventDispatchThread.pumpEvents(EventDispatchThread.java:101)
	at java.desktop/java.awt.EventDispatchThread.run(EventDispatchThread.java:90)
java.lang.ArrayIndexOutOfBoundsException: No such child: 11
	at java.desktop/java.awt.Container.getComponent(Container.java:354)
	at java.desktop/javax.swing.JMenu.getMenuComponent(JMenu.java:871)
	at java.desktop/javax.swing.JMenu.getItem(JMenu.java:766)
	at java.desktop/javax.swing.JMenu$AccessibleJMenu.isAccessibleChildSelected(JMenu.java:1552)
	at java.desktop/sun.lwawt.macosx.CAccessibility$9.call(CAccessibility.java:242)
	at java.desktop/sun.lwawt.macosx.CAccessibility$9.call(CAccessibility.java:234)
	at java.desktop/sun.lwawt.macosx.LWCToolkit$CallableWrapper.run(LWCToolkit.java:701)
	at java.desktop/java.awt.event.InvocationEvent.dispatch(InvocationEvent.java:308)
	at java.desktop/java.awt.EventQueue.dispatchEventImpl(EventQueue.java:773)
	at java.desktop/java.awt.EventQueue$4.run(EventQueue.java:720)
	at java.desktop/java.awt.EventQueue$4.run(EventQueue.java:714)
	at java.base/java.security.AccessController.doPrivileged(AccessController.java:400)
	at java.base/java.security.ProtectionDomain$JavaSecurityAccessImpl.doIntersectionPrivilege(ProtectionDomain.java:87)
	at java.base/java.security.ProtectionDomain$JavaSecurityAccessImpl.doIntersectionPrivilege(ProtectionDomain.java:98)
	at java.desktop/java.awt.EventQueue$5.run(EventQueue.java:747)
	at java.desktop/java.awt.EventQueue$5.run(EventQueue.java:745)
	at java.base/java.security.AccessController.doPrivileged(AccessController.java:400)
	at java.base/java.security.ProtectionDomain$JavaSecurityAccessImpl.doIntersectionPrivilege(ProtectionDomain.java:87)
	at java.desktop/java.awt.EventQueue.dispatchEvent(EventQueue.java:744)
	at java.desktop/java.awt.EventDispatchThread.pumpOneEventForFilters(EventDispatchThread.java:203)
	at java.desktop/java.awt.EventDispatchThread.pumpEventsForFilter(EventDispatchThread.java:124)
	at java.desktop/java.awt.EventDispatchThread.pumpEventsForHierarchy(EventDispatchThread.java:113)
	at java.desktop/java.awt.EventDispatchThread.pumpEvents(EventDispatchThread.java:109)
	at java.desktop/java.awt.EventDispatchThread.pumpEvents(EventDispatchThread.java:101)
	at java.desktop/java.awt.EventDispatchThread.run(EventDispatchThread.java:90)
java.lang.ArrayIndexOutOfBoundsException: No such child: 12
	at java.desktop/java.awt.Container.getComponent(Container.java:354)
	at java.desktop/javax.swing.JMenu.getMenuComponent(JMenu.java:871)
	at java.desktop/javax.swing.JMenu.getItem(JMenu.java:766)
	at java.desktop/javax.swing.JMenu$AccessibleJMenu.isAccessibleChildSelected(JMenu.java:1552)
	at java.desktop/sun.lwawt.macosx.CAccessibility$9.call(CAccessibility.java:242)
	at java.desktop/sun.lwawt.macosx.CAccessibility$9.call(CAccessibility.java:234)
	at java.desktop/sun.lwawt.macosx.LWCToolkit$CallableWrapper.run(LWCToolkit.java:701)
	at java.desktop/java.awt.event.InvocationEvent.dispatch(InvocationEvent.java:308)
	at java.desktop/java.awt.EventQueue.dispatchEventImpl(EventQueue.java:773)
	at java.desktop/java.awt.EventQueue$4.run(EventQueue.java:720)
	at java.desktop/java.awt.EventQueue$4.run(EventQueue.java:714)
	at java.base/java.security.AccessController.doPrivileged(AccessController.java:400)
	at java.base/java.security.ProtectionDomain$JavaSecurityAccessImpl.doIntersectionPrivilege(ProtectionDomain.java:87)
	at java.base/java.security.ProtectionDomain$JavaSecurityAccessImpl.doIntersectionPrivilege(ProtectionDomain.java:98)
	at java.desktop/java.awt.EventQueue$5.run(EventQueue.java:747)
	at java.desktop/java.awt.EventQueue$5.run(EventQueue.java:745)
	at java.base/java.security.AccessController.doPrivileged(AccessController.java:400)
	at java.base/java.security.ProtectionDomain$JavaSecurityAccessImpl.doIntersectionPrivilege(ProtectionDomain.java:87)
	at java.desktop/java.awt.EventQueue.dispatchEvent(EventQueue.java:744)
	at java.desktop/java.awt.EventDispatchThread.pumpOneEventForFilters(EventDispatchThread.java:203)
	at java.desktop/java.awt.EventDispatchThread.pumpEventsForFilter(EventDispatchThread.java:124)
	at java.desktop/java.awt.EventDispatchThread.pumpEventsForHierarchy(EventDispatchThread.java:113)
	at java.desktop/java.awt.EventDispatchThread.pumpEvents(EventDispatchThread.java:109)
	at java.desktop/java.awt.EventDispatchThread.pumpEvents(EventDispatchThread.java:101)
	at java.desktop/java.awt.EventDispatchThread.run(EventDispatchThread.java:90)
INFO  Sat Sep 05 00:11:30 MST 2026 Recovery snapshot created: /Users/joshuahansen/dev/GhiGBC/build/projects/UIActions-1788591989153.rep/idata/00/~00000001.db/snapshotA.grf (RecoveryMgr)  
INFO  Sat Sep 05 00:11:30 MST 2026 Recovery snapshot created: /Users/joshuahansen/dev/GhiGBC/build/projects/UIActions-1788591989153.rep/idata/00/~00000000.db/snapshotA.grf (RecoveryMgr)  
