INFO  Using log config file: jar:file:/Users/joshuahansen/ghidra_12.1.2_PUBLIC/Ghidra/Framework/Generic/lib/Generic.jar!/generic.log4j.xml (LoggingInitialization)  
INFO  Using log file: /Users/joshuahansen/dev/GhiGBC/.local/clean-launch12/Library/ghidra/ghidra_12.1.2_PUBLIC/application.log (LoggingInitialization)  
INFO  Loading user preferences: /Users/joshuahansen/dev/GhiGBC/.local/clean-launch12/Library/ghidra/ghidra_12.1.2_PUBLIC/preferences (Preferences)  
INFO  Searching for classes... (ClassSearcher)  
INFO  Class search complete (886 ms) (ClassSearcher)  
INFO  Initializing SSL Context (DefaultSSLContextInitializer)  
INFO  Initializing Random Number Generator... (SecureRandomFactory)  
INFO  Random Number Generator initialization complete: NativePRNGNonBlocking (SecureRandomFactory)  
INFO  Trust manager disabled, cacerts have not been set (DefaultTrustManagerFactory)  
INFO  Creating project: /Users/joshuahansen/dev/GhiGBC/build/projects/UIActions-1788591387786 (DefaultProject)  
INFO  Using Loader: Game Boy (ProgramLoader)  
INFO  Using Language/Compiler: SM83:LE:16:default:default (ProgramLoader)  
INFO  Using Library Search Path: [., /System/Library/dyld/dyld_shared_cache_arm64e, /System/Library/dyld/dyld_shared_cache_x86_64, /System/Library/dyld/dyld_shared_cache_x86_64h, /System/Cryptexes/OS/System/Library/dyld/dyld_shared_cache_arm64e, /System/Cryptexes/OS/System/Library/dyld/dyld_shared_cache_x86_64, /System/Cryptexes/OS/System/Library/dyld/dyld_shared_cache_x86_64h, /Users/joshuahansen/dev/GhiGBC/.local/ui-action-app/GhiGBCValidation.app/Contents/app, /Users/joshuahansen/Library/Java/Extensions, /Library/Java/Extensions, /Network/Library/Java/Extensions, /System/Library/Java/Extensions, /usr/lib/java] (ProgramLoader)  
INFO  /teaching.gbc: file created (joshuahansen) (LocalFileSystem)  
WARN  Plugin DebuggerModulesPlugin did not register a service handler for: interface ghidra.app.services.DebuggerAutoMappingService (DebuggerModulesPlugin)  
INFO  /New Traces/GBC/teaching: file created (joshuahansen) (LocalFileSystem)  
PASS initial capture mappings ready
PHASE bank_breakpoint: In the static Listing, go to StudentBankTwo, then right-click: GBC > Breakpoint in this physical bank.
INFO  Sat Sep 05 00:01:28 MST 2026 Recovery snapshot created: /Users/joshuahansen/dev/GhiGBC/build/projects/UIActions-1788591387786.rep/idata/00/~00000001.db/snapshotA.grf (RecoveryMgr)  
INFO  Sat Sep 05 00:01:28 MST 2026 Recovery snapshot created: /Users/joshuahansen/dev/GhiGBC/build/projects/UIActions-1788591387786.rep/idata/00/~00000000.db/snapshotA.grf (RecoveryMgr)  
